Archive member included to satisfy reference by file (symbol)

/usr/lib/gcc/arm-none-eabi/7.3.1/thumb/v6-m/libgcc.a(_dvmd_tls.o)
                              CMakeFiles/Pico-RGB-Matrix-P3-64x32-Demo.dir/home/pi/pico/pico-sdk/src/rp2_common/pico_divider/divider.S.obj (__aeabi_idiv0)
/usr/lib/gcc/arm-none-eabi/7.3.1/thumb/v6-m/libgcc.a(emutls.o)
                              CMakeFiles/Pico-RGB-Matrix-P3-64x32-Demo.dir/s_task/src/s_task.c.obj (__emutls_get_address)
/usr/lib/gcc/arm-none-eabi/7.3.1/../../../arm-none-eabi/lib/thumb/v6-m/libc.a(lib_a-abort.o)
                              /usr/lib/gcc/arm-none-eabi/7.3.1/thumb/v6-m/libgcc.a(emutls.o) (abort)
/usr/lib/gcc/arm-none-eabi/7.3.1/../../../arm-none-eabi/lib/thumb/v6-m/libc.a(lib_a-atexit.o)
                              /usr/lib/gcc/arm-none-eabi/7.3.1/../../../arm-none-eabi/lib/thumb/v6-m/crt0.o (atexit)
/usr/lib/gcc/arm-none-eabi/7.3.1/../../../arm-none-eabi/lib/thumb/v6-m/libc.a(lib_a-calloc.o)
                              CMakeFiles/Pico-RGB-Matrix-P3-64x32-Demo.dir/home/pi/pico/pico-sdk/src/rp2_common/pico_malloc/pico_malloc.c.obj (calloc)
/usr/lib/gcc/arm-none-eabi/7.3.1/../../../arm-none-eabi/lib/thumb/v6-m/libc.a(lib_a-callocr.o)
                              /usr/lib/gcc/arm-none-eabi/7.3.1/../../../arm-none-eabi/lib/thumb/v6-m/libc.a(lib_a-calloc.o) (_calloc_r)
/usr/lib/gcc/arm-none-eabi/7.3.1/../../../arm-none-eabi/lib/thumb/v6-m/libc.a(lib_a-fini.o)
                              /usr/lib/gcc/arm-none-eabi/7.3.1/../../../arm-none-eabi/lib/thumb/v6-m/crt0.o (__libc_fini_array)
/usr/lib/gcc/arm-none-eabi/7.3.1/../../../arm-none-eabi/lib/thumb/v6-m/libc.a(lib_a-impure.o)
                              /usr/lib/gcc/arm-none-eabi/7.3.1/../../../arm-none-eabi/lib/thumb/v6-m/libc.a(lib_a-calloc.o) (_impure_ptr)
/usr/lib/gcc/arm-none-eabi/7.3.1/../../../arm-none-eabi/lib/thumb/v6-m/libc.a(lib_a-init.o)
                              /usr/lib/gcc/arm-none-eabi/7.3.1/../../../arm-none-eabi/lib/thumb/v6-m/crt0.o (__libc_init_array)
/usr/lib/gcc/arm-none-eabi/7.3.1/../../../arm-none-eabi/lib/thumb/v6-m/libc.a(lib_a-malloc.o)
                              CMakeFiles/Pico-RGB-Matrix-P3-64x32-Demo.dir/home/pi/pico/pico-sdk/src/rp2_common/pico_malloc/pico_malloc.c.obj (malloc)
/usr/lib/gcc/arm-none-eabi/7.3.1/../../../arm-none-eabi/lib/thumb/v6-m/libc.a(lib_a-mallocr.o)
                              /usr/lib/gcc/arm-none-eabi/7.3.1/../../../arm-none-eabi/lib/thumb/v6-m/libc.a(lib_a-callocr.o) (_malloc_r)
/usr/lib/gcc/arm-none-eabi/7.3.1/../../../arm-none-eabi/lib/thumb/v6-m/libc.a(lib_a-mlock.o)
                              /usr/lib/gcc/arm-none-eabi/7.3.1/../../../arm-none-eabi/lib/thumb/v6-m/libc.a(lib_a-mallocr.o) (__malloc_lock)
/usr/lib/gcc/arm-none-eabi/7.3.1/../../../arm-none-eabi/lib/thumb/v6-m/libc.a(lib_a-realloc.o)
                              CMakeFiles/Pico-RGB-Matrix-P3-64x32-Demo.dir/home/pi/pico/pico-sdk/src/rp2_common/pico_malloc/pico_malloc.c.obj (realloc)
/usr/lib/gcc/arm-none-eabi/7.3.1/../../../arm-none-eabi/lib/thumb/v6-m/libc.a(lib_a-reallocr.o)
                              /usr/lib/gcc/arm-none-eabi/7.3.1/../../../arm-none-eabi/lib/thumb/v6-m/libc.a(lib_a-realloc.o) (_realloc_r)
/usr/lib/gcc/arm-none-eabi/7.3.1/../../../arm-none-eabi/lib/thumb/v6-m/libc.a(lib_a-sbrkr.o)
                              /usr/lib/gcc/arm-none-eabi/7.3.1/../../../arm-none-eabi/lib/thumb/v6-m/libc.a(lib_a-mallocr.o) (_sbrk_r)
/usr/lib/gcc/arm-none-eabi/7.3.1/../../../arm-none-eabi/lib/thumb/v6-m/libc.a(lib_a-signal.o)
                              /usr/lib/gcc/arm-none-eabi/7.3.1/../../../arm-none-eabi/lib/thumb/v6-m/libc.a(lib_a-abort.o) (raise)
/usr/lib/gcc/arm-none-eabi/7.3.1/../../../arm-none-eabi/lib/thumb/v6-m/libc.a(lib_a-signalr.o)
                              /usr/lib/gcc/arm-none-eabi/7.3.1/../../../arm-none-eabi/lib/thumb/v6-m/libc.a(lib_a-signal.o) (_kill_r)
/usr/lib/gcc/arm-none-eabi/7.3.1/../../../arm-none-eabi/lib/thumb/v6-m/libc.a(lib_a-strlen-stub.o)
                              CMakeFiles/Pico-RGB-Matrix-P3-64x32-Demo.dir/home/pi/pico/pico-sdk/src/rp2_common/pico_stdio/stdio.c.obj (strlen)
/usr/lib/gcc/arm-none-eabi/7.3.1/../../../arm-none-eabi/lib/thumb/v6-m/libc.a(lib_a-__atexit.o)
                              /usr/lib/gcc/arm-none-eabi/7.3.1/../../../arm-none-eabi/lib/thumb/v6-m/libc.a(lib_a-atexit.o) (__register_exitproc)
/usr/lib/gcc/arm-none-eabi/7.3.1/../../../arm-none-eabi/lib/thumb/v6-m/libc.a(lib_a-freer.o)
                              /usr/lib/gcc/arm-none-eabi/7.3.1/../../../arm-none-eabi/lib/thumb/v6-m/libc.a(lib_a-malloc.o) (_free_r)
/usr/lib/gcc/arm-none-eabi/7.3.1/../../../arm-none-eabi/lib/thumb/v6-m/libc.a(lib_a-memmove.o)
                              /usr/lib/gcc/arm-none-eabi/7.3.1/../../../arm-none-eabi/lib/thumb/v6-m/libc.a(lib_a-reallocr.o) (memmove)
/usr/lib/gcc/arm-none-eabi/7.3.1/../../../arm-none-eabi/lib/thumb/v6-m/libc.a(lib_a-reent.o)
[...]
Memory Configuration

Name             Origin             Length             Attributes
FLASH            0x10000000         0x00200000         xr
RAM              0x20000000         0x00040000         xrw
SCRATCH_X        0x20040000         0x00001000         xrw
SCRATCH_Y        0x20041000         0x00001000         xrw
*default*        0x00000000         0xffffffff

Linker script and memory map

LOAD /usr/lib/gcc/arm-none-eabi/7.3.1/thumb/v6-m/crti.o
LOAD /usr/lib/gcc/arm-none-eabi/7.3.1/thumb/v6-m/crtbegin.o
LOAD /usr/lib/gcc/arm-none-eabi/7.3.1/../../../arm-none-eabi/lib/thumb/v6-m/crt0.o

.flash_begin    0x10000000        0x0
                0x10000000                __flash_binary_start = .

.boot2          0x10000000      0x100
                0x10000000                __boot2_start__ = .
 *(.boot2)
 .boot2         0x10000000      0x100 /tmp/ccsuCo5x.o
                0x10000100                __boot2_end__ = .
                0x00000001                ASSERT (((__boot2_end__ - __boot2_start__) == 0x100), ERROR: Pico second stage bootloader must be 256 bytes in size)

.text           0x10000100     0x7f70
                0x10000100                __logical_binary_start = .
 *(.vectors)
 .vectors       0x10000100       0xd4 CMakeFiles/Pico-RGB-Matrix-P3-64x32-Demo.dir/home/pi/pico/pico-sdk/src/rp2_common/pico_standard_link/crt0.S.obj
                0x10000100                __vectors
                0x10000100                __VECTOR_TABLE
                0x100001c0                isr_invalid
                0x100001c0                __default_isrs_start
                0x100001c2                isr_nmi
                0x100001c4                isr_hardfault
                0x100001c6                isr_svcall
                0x100001c8                isr_pendsv
                0x100001ca                isr_systick
                0x100001cc                isr_irq30
                0x100001cc                __unhandled_user_irq
                0x100001cc                isr_irq13
                0x100001cc                isr_irq27
                0x100001cc                isr_irq31
                0x100001cc                isr_irq5
                0x100001cc                isr_irq11
                0x100001cc                isr_irq23
                0x100001cc                isr_irq18
                0x100001cc                isr_irq28
                0x100001cc                isr_irq19
                0x100001cc                isr_irq0
                0x100001cc                isr_irq6
                0x100001cc                isr_irq22
                0x100001cc                isr_irq17
                0x100001cc                isr_irq14
                0x100001cc                isr_irq2
                0x100001cc                isr_irq10
                0x100001cc                isr_irq8
                0x100001cc                isr_irq24
                0x100001cc                isr_irq1
                0x100001cc                isr_irq7
                0x100001cc                isr_irq21
                0x100001cc                isr_irq20
                0x100001cc                isr_irq15
                0x100001cc                isr_irq25
                0x100001cc                isr_irq4
                0x100001cc                isr_irq16
                0x100001cc                isr_irq29
                0x100001cc                isr_irq26
                0x100001cc                __default_isrs_end
                0x100001cc                isr_irq3
                0x100001cc                isr_irq12
                0x100001cc                isr_irq9
                0x100001d2                unhandled_user_irq_num_in_r0
 *(.binary_info_header)
 .binary_info_header
                0x100001d4       0x14 CMakeFiles/Pico-RGB-Matrix-P3-64x32-Demo.dir/home/pi/pico/pico-sdk/src/rp2_common/pico_standard_link/crt0.S.obj
                0x100001e8                __binary_info_header_end = .
 *(.reset)
 .reset         0x100001e8       0xa8 CMakeFiles/Pico-RGB-Matrix-P3-64x32-Demo.dir/home/pi/pico/pico-sdk/src/rp2_common/pico_standard_link/crt0.S.obj
                0x100001e8                _entry_point
                0x10000266                __get_current_exception
 .reset         0x10000290       0x30 CMakeFiles/Pico-RGB-Matrix-P3-64x32-Demo.dir/home/pi/pico/pico-sdk/src/rp2_common/pico_standard_link/binary_info.c.obj
 *(.init)
 .init          0x100002c0        0x4 /usr/lib/gcc/arm-none-eabi/7.3.1/thumb/v6-m/crti.o
                0x100002c0                _init
 *(EXCLUDE_FILE(*libm.a: *libc.a:*lib_a-mem*.o *libgcc.a:) .text*)
 .text          0x100002c4       0x98 /usr/lib/gcc/arm-none-eabi/7.3.1/thumb/v6-m/crtbegin.o
 .text._Z13PutInputEventP10InputEnent
                0x1000035c       0x40 CMakeFiles/Pico-RGB-Matrix-P3-64x32-Demo.dir/input/input_event_buffer.cpp.obj
                0x1000035c                PutInputEvent(InputEnent*)
 .text._Z13GetInputEventP10InputEnent
                0x1000039c       0x44 CMakeFiles/Pico-RGB-Matrix-P3-64x32-Demo.dir/input/input_event_buffer.cpp.obj
                0x1000039c                GetInputEvent(InputEnent*)
 .text._Z19InputDeviceRegisterP11InputDevice
                0x100003e0       0x10 CMakeFiles/Pico-RGB-Matrix-P3-64x32-Demo.dir/input/input_system.cpp.obj
                0x100003e0                InputDeviceRegister(InputDevice*)
 .text._Z16InitInputDevicesv
                0x100003f0       0x1c CMakeFiles/Pico-RGB-Matrix-P3-64x32-Demo.dir/input/input_system.cpp.obj
                0x100003f0                InitInputDevices()
 .text._ZL15yfGetInputEventP10InputEnent
                0x1000040c        0x4 CMakeFiles/Pico-RGB-Matrix-P3-64x32-Demo.dir/input/reg_gpio_key.cpp.obj
 .text._ZL11GPIOKeyInitv
                0x10000410        0xc CMakeFiles/Pico-RGB-Matrix-P3-64x32-Demo.dir/input/reg_gpio_key.cpp.obj
 .text._Z21AddInputDeviceGpioKeyv
                0x1000041c       0x10 CMakeFiles/Pico-RGB-Matrix-P3-64x32-Demo.dir/input/reg_gpio_key.cpp.obj
                0x1000041c                AddInputDeviceGpioKey()
 .text.startup._GLOBAL__sub_I_empty
                0x1000042c       0x14 CMakeFiles/Pico-RGB-Matrix-P3-64x32-Demo.dir/input/reg_gpio_key.cpp.obj
 .text._Z15HAL_GPIOKeyInitv
                0x10000440        0x8 CMakeFiles/Pico-RGB-Matrix-P3-64x32-Demo.dir/Hal/hal_gpio_key.cpp.obj
                0x10000440                HAL_GPIOKeyInit()
 .text._Z17HAL_whichKeyPressv
                0x10000448        0x8 CMakeFiles/Pico-RGB-Matrix-P3-64x32-Demo.dir/Hal/hal_gpio_key.cpp.obj
                0x10000448                HAL_whichKeyPress()
 .text._Z23HAL_RGBMatrixDeviceInitv
                0x10000450        0x8 CMakeFiles/Pico-RGB-Matrix-P3-64x32-Demo.dir/Hal/hal_RGBMatrix_device.cpp.obj
                0x10000450                HAL_RGBMatrixDeviceInit()
 .text._Z24HAL_RGBMatrixDeviceFlushP13DisplayDevice
                0x10000458        0xc CMakeFiles/Pico-RGB-Matrix-P3-64x32-Demo.dir/Hal/hal_RGBMatrix_device.cpp.obj
                0x10000458                HAL_RGBMatrixDeviceFlush(DisplayDevice*)
 .text._Z15picoKeyGpioInitv
                0x10000464       0x4c CMakeFiles/Pico-RGB-Matrix-P3-64x32-Demo.dir/ModuleDrivers/driver_key.cpp.obj
                0x10000464                picoKeyGpioInit()
 .text._Z13WhichKeyPressv
                0x100004b0       0xd0 CMakeFiles/Pico-RGB-Matrix-P3-64x32-Demo.dir/ModuleDrivers/driver_key.cpp.obj
                0x100004b0                WhichKeyPress()
 .text._Z10buzzerInitv
                0x10000580       0x18 CMakeFiles/Pico-RGB-Matrix-P3-64x32-Demo.dir/ModuleDrivers/driver_buzzer.cpp.obj
                0x10000580                buzzerInit()
 .text._Z10InitDs3231v
                0x10000598       0x6c CMakeFiles/Pico-RGB-Matrix-P3-64x32-Demo.dir/ModuleDrivers/driver_ds3231.cpp.obj
                0x10000598                InitDs3231()
 .text._Z15ds3231_get_timeP6RTC_tm
                0x10000604       0xd8 CMakeFiles/Pico-RGB-Matrix-P3-64x32-Demo.dir/ModuleDrivers/driver_ds3231.cpp.obj
                0x10000604                ds3231_get_time(RTC_tm*)
 .text._Z23ds3231_get_temp_integerPh
                0x100006dc       0x58 CMakeFiles/Pico-RGB-Matrix-P3-64x32-Demo.dir/ModuleDrivers/driver_ds3231.cpp.obj
                0x100006dc                ds3231_get_temp_integer(unsigned char*)
 .text._Z14ds3231_set_sech
                0x10000734       0x38 CMakeFiles/Pico-RGB-Matrix-P3-64x32-Demo.dir/ModuleDrivers/driver_ds3231.cpp.obj
                0x10000734                ds3231_set_sec(unsigned char)
 .text._Z14ds3231_set_minh
                0x1000076c       0x38 CMakeFiles/Pico-RGB-Matrix-P3-64x32-Demo.dir/ModuleDrivers/driver_ds3231.cpp.obj
                0x1000076c                ds3231_set_min(unsigned char)
 .text._Z15ds3231_set_hourh
                0x100007a4       0x38 CMakeFiles/Pico-RGB-Matrix-P3-64x32-Demo.dir/ModuleDrivers/driver_ds3231.cpp.obj
                0x100007a4                ds3231_set_hour(unsigned char)
 .text._Z15ds3231_set_wdayh
                0x100007dc       0x38 CMakeFiles/Pico-RGB-Matrix-P3-64x32-Demo.dir/ModuleDrivers/driver_ds3231.cpp.obj
                0x100007dc                ds3231_set_wday(unsigned char)
 .text._Z15ds3231_set_mdayh
                0x10000814       0x38 CMakeFiles/Pico-RGB-Matrix-P3-64x32-Demo.dir/ModuleDrivers/driver_ds3231.cpp.obj
                0x10000814                ds3231_set_mday(unsigned char)
 .text._Z14ds3231_set_monh
                0x1000084c       0x38 CMakeFiles/Pico-RGB-Matrix-P3-64x32-Demo.dir/ModuleDrivers/driver_ds3231.cpp.obj
                0x1000084c                ds3231_set_mon(unsigned char)
 .text._Z15ds3231_set_yeart
                0x10000884       0x3c CMakeFiles/Pico-RGB-Matrix-P3-64x32-Demo.dir/ModuleDrivers/driver_ds3231.cpp.obj
                0x10000884                ds3231_set_year(unsigned short)
 .text._Z8adc_Initv
                0x100008c0       0x3c CMakeFiles/Pico-RGB-Matrix-P3-64x32-Demo.dir/ModuleDrivers/driver_adc.cpp.obj
                0x100008c0                adc_Init()
 .text._Z23picoRGBMatrixDeviceInitv
                0x100008fc      0x208 CMakeFiles/Pico-RGB-Matrix-P3-64x32-Demo.dir/ModuleDrivers/driver_RGBMatrix.cpp.obj
                0x100008fc                picoRGBMatrixDeviceInit()
 .text._Z20RGBMatrixDeviceFlushPh
                0x10000b04      0x1e0 CMakeFiles/Pico-RGB-Matrix-P3-64x32-Demo.dir/ModuleDrivers/driver_RGBMatrix.cpp.obj
                0x10000b04                RGBMatrixDeviceFlush(unsigned char*)
 .text._Z17select_area_colorhhhhhh
                0x10000ce4       0x80 CMakeFiles/Pico-RGB-Matrix-P3-64x32-Demo.dir/ModuleDrivers/driver_RGBMatrix.cpp.obj
                0x10000ce4                select_area_color(unsigned char, unsigned char, unsigned char, unsigned char, unsigned char, unsigned char)
 .text._ZL23RGBMatrixDeviceSetPixelP13DisplayDeviceiich
                0x10000d64       0x2c CMakeFiles/Pico-RGB-Matrix-P3-64x32-Demo.dir/device/RGBMatrix_device.cpp.obj
 .text._ZL20RGBMatrixDeviceFlushP13DisplayDevice
                0x10000d90        0x8 CMakeFiles/Pico-RGB-Matrix-P3-64x32-Demo.dir/device/RGBMatrix_device.cpp.obj
 .text._ZL19RGBMatrixDeviceInitv
                0x10000d98        0x8 CMakeFiles/Pico-RGB-Matrix-P3-64x32-Demo.dir/device/RGBMatrix_device.cpp.obj
 .text._Z16GetDisplayDevicev
                0x10000da0        0x8 CMakeFiles/Pico-RGB-Matrix-P3-64x32-Demo.dir/device/RGBMatrix_device.cpp.obj
                0x10000da0                GetDisplayDevice()
 .text._Z18displaySettingPageP13DisplayDeviceh
                0x10000da8      0x27c CMakeFiles/Pico-RGB-Matrix-P3-64x32-Demo.dir/display/display_subsystem.cpp.obj
                0x10000da8                displaySettingPage(DisplayDevice*, unsigned char)
 .text._Z18displaySetTimePageP13DisplayDevicehhha
                0x10001024      0x148 CMakeFiles/Pico-RGB-Matrix-P3-64x32-Demo.dir/display/display_subsystem.cpp.obj
                0x10001024                displaySetTimePage(DisplayDevice*, unsigned char, unsigned char, unsigned char, signed char)
 .text._Z18displaySetDatePageP13DisplayDevicethha
                0x1000116c      0x1a4 CMakeFiles/Pico-RGB-Matrix-P3-64x32-Demo.dir/display/display_subsystem.cpp.obj
                0x1000116c                displaySetDatePage(DisplayDevice*, unsigned short, unsigned char, unsigned char, signed char)
 .text._Z29displayAutoLightBeepOnOffPageP13DisplayDevicehhh
                0x10001310       0xd0 CMakeFiles/Pico-RGB-Matrix-P3-64x32-Demo.dir/display/display_subsystem.cpp.obj
                0x10001310                displayAutoLightBeepOnOffPage(DisplayDevice*, unsigned char, unsigned char, unsigned char)
 .text._Z22displaySetLanguagePageP13DisplayDeviceh
                0x100013e0      0x124 CMakeFiles/Pico-RGB-Matrix-P3-64x32-Demo.dir/display/display_subsystem.cpp.obj
                0x100013e0                displaySetLanguagePage(DisplayDevice*, unsigned char)
 .text._Z13LunarCalendarttt
                0x10001504      0x188 CMakeFiles/Pico-RGB-Matrix-P3-64x32-Demo.dir/display/display_subsystem.cpp.obj
                0x10001504                LunarCalendar(unsigned short, unsigned short, unsigned short)
 .text._Z19displayDateTimePageP13DisplayDeviceP6RTC_tmPh
                0x1000168c      0x6a4 CMakeFiles/Pico-RGB-Matrix-P3-64x32-Demo.dir/display/display_subsystem.cpp.obj
                0x1000168c                displayDateTimePage(DisplayDevice*, RTC_tm*, unsigned char*)
 .text._Z14get_month_dateth
                0x10001d30       0xe0 CMakeFiles/Pico-RGB-Matrix-P3-64x32-Demo.dir/display/display_subsystem.cpp.obj
                0x10001d30                get_month_date(unsigned short, unsigned char)
 .text._Z11get_weekdaythh
                0x10001e10       0x60 CMakeFiles/Pico-RGB-Matrix-P3-64x32-Demo.dir/display/display_subsystem.cpp.obj
                0x10001e10                get_weekday(unsigned short, unsigned char, unsigned char)
 .text._Z11fontChar4X7Phiic
                0x10001e70      0x13c CMakeFiles/Pico-RGB-Matrix-P3-64x32-Demo.dir/font/font.cpp.obj
                0x10001e70                fontChar4X7(unsigned char*, int, int, char)
 .text._Z12fontChar8X10Phiic
                0x10001fac      0x148 CMakeFiles/Pico-RGB-Matrix-P3-64x32-Demo.dir/font/font.cpp.obj
                0x10001fac                fontChar8X10(unsigned char*, int, int, char)
 .text._Z13fontChar8X10BPhiic
                0x100020f4      0x148 CMakeFiles/Pico-RGB-Matrix-P3-64x32-Demo.dir/font/font.cpp.obj
                0x100020f4                fontChar8X10B(unsigned char*, int, int, char)
 .text._Z23timer_screen_refresh_cbP15repeating_timer
                0x1000223c       0x14 CMakeFiles/Pico-RGB-Matrix-P3-64x32-Demo.dir/src/main.cpp.obj
                0x1000223c                timer_screen_refresh_cb(repeating_timer*)
 .text._Z18timer_autolight_cbP15repeating_timer
                0x10002250       0x80 CMakeFiles/Pico-RGB-Matrix-P3-64x32-Demo.dir/src/main.cpp.obj
                0x10002250                timer_autolight_cb(repeating_timer*)
 .text._Z17timer_get_time_cbP15repeating_timer
                0x100022d0       0x94 CMakeFiles/Pico-RGB-Matrix-P3-64x32-Demo.dir/src/main.cpp.obj
                0x100022d0                timer_get_time_cb(repeating_timer*)
 .text._Z17K1_DOWN_OPERATIONv
                0x10002364      0x174 CMakeFiles/Pico-RGB-Matrix-P3-64x32-Demo.dir/src/main.cpp.obj
                0x10002364                K1_DOWN_OPERATION()
 .text._Z15K2_UP_OPERATIONv
                0x100024d8      0x16c CMakeFiles/Pico-RGB-Matrix-P3-64x32-Demo.dir/src/main.cpp.obj
                0x100024d8                K2_UP_OPERATION()
 .text._Z18K2_PRESS_OPERATIONv
                0x10002644       0xd8 CMakeFiles/Pico-RGB-Matrix-P3-64x32-Demo.dir/src/main.cpp.obj
                0x10002644                K2_PRESS_OPERATION()
 .text.startup.main
                0x1000271c      0x2dc CMakeFiles/Pico-RGB-Matrix-P3-64x32-Demo.dir/src/main.cpp.obj
                0x1000271c                main
 .text.startup._GLOBAL__sub_I_gt_RTC_tm
                0x100029f8       0x28 CMakeFiles/Pico-RGB-Matrix-P3-64x32-Demo.dir/src/main.cpp.obj
 .text.gpio_set_function
                0x10002a20       0x30 CMakeFiles/Pico-RGB-Matrix-P3-64x32-Demo.dir/home/pi/pico/pico-sdk/src/rp2_common/hardware_gpio/gpio.c.obj
                0x10002a20                gpio_set_function
 .text.gpio_set_pulls
                0x10002a50       0x34 CMakeFiles/Pico-RGB-Matrix-P3-64x32-Demo.dir/home/pi/pico/pico-sdk/src/rp2_common/hardware_gpio/gpio.c.obj
                0x10002a50                gpio_set_pulls
 .text.gpio_set_input_enabled
                0x10002a84       0x28 CMakeFiles/Pico-RGB-Matrix-P3-64x32-Demo.dir/home/pi/pico/pico-sdk/src/rp2_common/hardware_gpio/gpio.c.obj
                0x10002a84                gpio_set_input_enabled
 .text.gpio_init
                0x10002aac       0x3c CMakeFiles/Pico-RGB-Matrix-P3-64x32-Demo.dir/home/pi/pico/pico-sdk/src/rp2_common/hardware_gpio/gpio.c.obj
                0x10002aac                gpio_init
 .text.hw_claim_or_assert
                0x10002ae8       0x44 CMakeFiles/Pico-RGB-Matrix-P3-64x32-Demo.dir/home/pi/pico/pico-sdk/src/rp2_common/hardware_claim/claim.c.obj
                0x10002ae8                hw_claim_or_assert
 .text.hw_claim_unused_from_range
                0x10002b2c       0x9c CMakeFiles/Pico-RGB-Matrix-P3-64x32-Demo.dir/home/pi/pico/pico-sdk/src/rp2_common/hardware_claim/claim.c.obj
                0x10002b2c                hw_claim_unused_from_range
 .text.running_on_fpga
                0x10002bc8       0x10 CMakeFiles/Pico-RGB-Matrix-P3-64x32-Demo.dir/home/pi/pico/pico-sdk/src/rp2_common/pico_platform/platform.c.obj
                0x10002bc8                running_on_fpga
 .text.spin_locks_reset
                0x10002bd8       0x1c CMakeFiles/Pico-RGB-Matrix-P3-64x32-Demo.dir/home/pi/pico/pico-sdk/src/rp2_common/hardware_sync/sync.c.obj
                0x10002bd8                spin_locks_reset
 .text.next_striped_spin_lock_num
                0x10002bf4       0x18 CMakeFiles/Pico-RGB-Matrix-P3-64x32-Demo.dir/home/pi/pico/pico-sdk/src/rp2_common/hardware_sync/sync.c.obj
                0x10002bf4                next_striped_spin_lock_num
 .text.spin_lock_claim_unused
                0x10002c0c       0x20 CMakeFiles/Pico-RGB-Matrix-P3-64x32-Demo.dir/home/pi/pico/pico-sdk/src/rp2_common/hardware_sync/sync.c.obj
                0x10002c0c                spin_lock_claim_unused
 .text.irq_set_enabled
                0x10002c2c       0x24 CMakeFiles/Pico-RGB-Matrix-P3-64x32-Demo.dir/home/pi/pico/pico-sdk/src/rp2_common/hardware_irq/irq.c.obj
                0x10002c2c                irq_set_enabled
 .text.irq_set_pending
                0x10002c50       0x10 CMakeFiles/Pico-RGB-Matrix-P3-64x32-Demo.dir/home/pi/pico/pico-sdk/src/rp2_common/hardware_irq/irq.c.obj
                0x10002c50                irq_set_pending
 .text.irq_has_shared_handler
                0x10002c60       0x2c CMakeFiles/Pico-RGB-Matrix-P3-64x32-Demo.dir/home/pi/pico/pico-sdk/src/rp2_common/hardware_irq/irq.c.obj
                0x10002c60                irq_has_shared_handler
 .text.irq_get_vtable_handler
                0x10002c8c       0x10 CMakeFiles/Pico-RGB-Matrix-P3-64x32-Demo.dir/home/pi/pico/pico-sdk/src/rp2_common/hardware_irq/irq.c.obj
                0x10002c8c                irq_get_vtable_handler
 .text.irq_set_exclusive_handler
                0x10002c9c       0x54 CMakeFiles/Pico-RGB-Matrix-P3-64x32-Demo.dir/home/pi/pico/pico-sdk/src/rp2_common/hardware_irq/irq.c.obj
                0x10002c9c                irq_set_exclusive_handler
 .text.irq_add_shared_handler
                0x10002cf0      0x1c8 CMakeFiles/Pico-RGB-Matrix-P3-64x32-Demo.dir/home/pi/pico/pico-sdk/src/rp2_common/hardware_irq/irq.c.obj
                0x10002cf0                irq_add_shared_handler
 .text.irq_remove_handler
                0x10002eb8      0x1b4 CMakeFiles/Pico-RGB-Matrix-P3-64x32-Demo.dir/home/pi/pico/pico-sdk/src/rp2_common/hardware_irq/irq.c.obj
                0x10002eb8                irq_remove_handler
 .text.irq_add_tail_to_free_list
                0x1000306c       0xb4 CMakeFiles/Pico-RGB-Matrix-P3-64x32-Demo.dir/home/pi/pico/pico-sdk/src/rp2_common/hardware_irq/irq.c.obj
                0x1000306c                irq_add_tail_to_free_list
 .text.irq_init_priorities
                0x10003120       0x24 CMakeFiles/Pico-RGB-Matrix-P3-64x32-Demo.dir/home/pi/pico/pico-sdk/src/rp2_common/hardware_irq/irq.c.obj
                0x10003120                irq_init_priorities
 .text.user_irq_claim_unused
                0x10003144       0x30 CMakeFiles/Pico-RGB-Matrix-P3-64x32-Demo.dir/home/pi/pico/pico-sdk/src/rp2_common/hardware_irq/irq.c.obj
                0x10003144                user_irq_claim_unused
 .text.lock_init
                0x10003174       0x10 CMakeFiles/Pico-RGB-Matrix-P3-64x32-Demo.dir/home/pi/pico/pico-sdk/src/common/pico_sync/lock_core.c.obj
                0x10003174                lock_init
 .text.timer_pool_entry_comparator
                0x10003184       0x34 CMakeFiles/Pico-RGB-Matrix-P3-64x32-Demo.dir/home/pi/pico/pico-sdk/src/common/pico_time/time.c.obj
                0x10003184                timer_pool_entry_comparator
 .text.repeating_timer_callback
                0x100031b8       0x1c CMakeFiles/Pico-RGB-Matrix-P3-64x32-Demo.dir/home/pi/pico/pico-sdk/src/common/pico_time/time.c.obj
 .text.sleep_until_callback
                0x100031d4       0x30 CMakeFiles/Pico-RGB-Matrix-P3-64x32-Demo.dir/home/pi/pico/pico-sdk/src/common/pico_time/time.c.obj
 .text.add_alarm_under_lock
                0x10003204      0x120 CMakeFiles/Pico-RGB-Matrix-P3-64x32-Demo.dir/home/pi/pico/pico-sdk/src/common/pico_time/time.c.obj
 .text.alarm_pool_alarm_callback
                0x10003324      0x1dc CMakeFiles/Pico-RGB-Matrix-P3-64x32-Demo.dir/home/pi/pico/pico-sdk/src/common/pico_time/time.c.obj
 .text.alarm_pool_init_default
                0x10003500       0x64 CMakeFiles/Pico-RGB-Matrix-P3-64x32-Demo.dir/home/pi/pico/pico-sdk/src/common/pico_time/time.c.obj
                0x10003500                alarm_pool_init_default
 .text.alarm_pool_get_default
                0x10003564        0x8 CMakeFiles/Pico-RGB-Matrix-P3-64x32-Demo.dir/home/pi/pico/pico-sdk/src/common/pico_time/time.c.obj
                0x10003564                alarm_pool_get_default
 .text.alarm_pool_add_alarm_at
                0x1000356c      0x1ac CMakeFiles/Pico-RGB-Matrix-P3-64x32-Demo.dir/home/pi/pico/pico-sdk/src/common/pico_time/time.c.obj
                0x1000356c                alarm_pool_add_alarm_at
 .text.alarm_pool_add_repeating_timer_us
                0x10003718      0x200 CMakeFiles/Pico-RGB-Matrix-P3-64x32-Demo.dir/home/pi/pico/pico-sdk/src/common/pico_time/time.c.obj
                0x10003718                alarm_pool_add_repeating_timer_us
 .text.sleep_until
                0x10003918      0x1ec CMakeFiles/Pico-RGB-Matrix-P3-64x32-Demo.dir/home/pi/pico/pico-sdk/src/common/pico_time/time.c.obj
                0x10003918                sleep_until
 .text.sleep_us
                0x10003b04       0x30 CMakeFiles/Pico-RGB-Matrix-P3-64x32-Demo.dir/home/pi/pico/pico-sdk/src/common/pico_time/time.c.obj
                0x10003b04                sleep_us
 .text.sleep_ms
                0x10003b34       0x38 CMakeFiles/Pico-RGB-Matrix-P3-64x32-Demo.dir/home/pi/pico/pico-sdk/src/common/pico_time/time.c.obj
                0x10003b34                sleep_ms
 .text.best_effort_wfe_or_timeout
                0x10003b6c      0x1b4 CMakeFiles/Pico-RGB-Matrix-P3-64x32-Demo.dir/home/pi/pico/pico-sdk/src/common/pico_time/time.c.obj
                0x10003b6c                best_effort_wfe_or_timeout
 .text.hardware_alarm_irq_handler
                0x10003d20       0xb0 CMakeFiles/Pico-RGB-Matrix-P3-64x32-Demo.dir/home/pi/pico/pico-sdk/src/rp2_common/hardware_timer/timer.c.obj
 .text.hardware_alarm_claim
                0x10003dd0       0x18 CMakeFiles/Pico-RGB-Matrix-P3-64x32-Demo.dir/home/pi/pico/pico-sdk/src/rp2_common/hardware_timer/timer.c.obj
                0x10003dd0                hardware_alarm_claim
 .text.time_us_64
                0x10003de8       0x18 CMakeFiles/Pico-RGB-Matrix-P3-64x32-Demo.dir/home/pi/pico/pico-sdk/src/rp2_common/hardware_timer/timer.c.obj
                0x10003de8                time_us_64
 .text.busy_wait_until
                0x10003e00       0x20 CMakeFiles/Pico-RGB-Matrix-P3-64x32-Demo.dir/home/pi/pico/pico-sdk/src/rp2_common/hardware_timer/timer.c.obj
                0x10003e00                busy_wait_until
 .text.hardware_alarm_set_callback
                0x10003e20       0x8c CMakeFiles/Pico-RGB-Matrix-P3-64x32-Demo.dir/home/pi/pico/pico-sdk/src/rp2_common/hardware_timer/timer.c.obj
                0x10003e20                hardware_alarm_set_callback
 .text.hardware_alarm_set_target
                0x10003eac       0xd8 CMakeFiles/Pico-RGB-Matrix-P3-64x32-Demo.dir/home/pi/pico/pico-sdk/src/rp2_common/hardware_timer/timer.c.obj
                0x10003eac                hardware_alarm_set_target
 .text.hardware_alarm_cancel
                0x10003f84       0x40 CMakeFiles/Pico-RGB-Matrix-P3-64x32-Demo.dir/home/pi/pico/pico-sdk/src/rp2_common/hardware_timer/timer.c.obj
                0x10003f84                hardware_alarm_cancel
 .text.ph_merge_two_pass.part.3
                0x10003fc4       0xcc CMakeFiles/Pico-RGB-Matrix-P3-64x32-Demo.dir/home/pi/pico/pico-sdk/src/common/pico_util/pheap.c.obj
 .text.ph_post_alloc_init
                0x10004090       0x3c CMakeFiles/Pico-RGB-Matrix-P3-64x32-Demo.dir/home/pi/pico/pico-sdk/src/common/pico_util/pheap.c.obj
                0x10004090                ph_post_alloc_init
 .text.ph_remove_head
                0x100040cc      0x158 CMakeFiles/Pico-RGB-Matrix-P3-64x32-Demo.dir/home/pi/pico/pico-sdk/src/common/pico_util/pheap.c.obj
                0x100040cc                ph_remove_head
 .text.ph_remove_and_free_node
                0x10004224      0x340 CMakeFiles/Pico-RGB-Matrix-P3-64x32-Demo.dir/home/pi/pico/pico-sdk/src/common/pico_util/pheap.c.obj
                0x10004224                ph_remove_and_free_node
 .text.mutex_init
                0x10004564       0x1c CMakeFiles/Pico-RGB-Matrix-P3-64x32-Demo.dir/home/pi/pico/pico-sdk/src/common/pico_sync/mutex.c.obj
                0x10004564                mutex_init
 .text.recursive_mutex_init
                0x10004580       0x1c CMakeFiles/Pico-RGB-Matrix-P3-64x32-Demo.dir/home/pi/pico/pico-sdk/src/common/pico_sync/mutex.c.obj
                0x10004580                recursive_mutex_init
 .text.critical_section_init
                0x1000459c       0x20 CMakeFiles/Pico-RGB-Matrix-P3-64x32-Demo.dir/home/pi/pico/pico-sdk/src/common/pico_sync/critical_section.c.obj
                0x1000459c                critical_section_init
 .text.uart_init
                0x100045bc       0xe8 CMakeFiles/Pico-RGB-Matrix-P3-64x32-Demo.dir/home/pi/pico/pico-sdk/src/rp2_common/hardware_uart/uart.c.obj
                0x100045bc                uart_init
 .text.runtime_init
                0x100046a4       0xf4 CMakeFiles/Pico-RGB-Matrix-P3-64x32-Demo.dir/home/pi/pico/pico-sdk/src/rp2_common/pico_runtime/runtime.c.obj
                0x100046a4                runtime_init
 .text.exit     0x10004798        0x4 CMakeFiles/Pico-RGB-Matrix-P3-64x32-Demo.dir/home/pi/pico/pico-sdk/src/rp2_common/pico_runtime/runtime.c.obj
                0x10004798                exit
 .text.panic    0x1000479c       0x30 CMakeFiles/Pico-RGB-Matrix-P3-64x32-Demo.dir/home/pi/pico/pico-sdk/src/rp2_common/pico_runtime/runtime.c.obj
                0x1000479c                panic
 .text.hard_assertion_failure
                0x100047cc        0xc CMakeFiles/Pico-RGB-Matrix-P3-64x32-Demo.dir/home/pi/pico/pico-sdk/src/rp2_common/pico_runtime/runtime.c.obj
                0x100047cc                hard_assertion_failure
 .text.clocks_init
                0x100047d8      0x2c8 CMakeFiles/Pico-RGB-Matrix-P3-64x32-Demo.dir/home/pi/pico/pico-sdk/src/rp2_common/hardware_clocks/clocks.c.obj
                0x100047d8                clocks_init
 .text.clock_get_hz
                0x10004aa0        0xc CMakeFiles/Pico-RGB-Matrix-P3-64x32-Demo.dir/home/pi/pico/pico-sdk/src/rp2_common/hardware_clocks/clocks.c.obj
                0x10004aa0                clock_get_hz
 .text.pll_init
                0x10004aac       0xa8 CMakeFiles/Pico-RGB-Matrix-P3-64x32-Demo.dir/home/pi/pico/pico-sdk/src/rp2_common/hardware_pll/pll.c.obj
                0x10004aac                pll_init
 .text.watchdog_start_tick
                0x10004b54       0x10 CMakeFiles/Pico-RGB-Matrix-P3-64x32-Demo.dir/home/pi/pico/pico-sdk/src/rp2_common/hardware_watchdog/watchdog.c.obj
                0x10004b54                watchdog_start_tick
 .text.watchdog_reboot
                0x10004b64       0x98 CMakeFiles/Pico-RGB-Matrix-P3-64x32-Demo.dir/home/pi/pico/pico-sdk/src/rp2_common/hardware_watchdog/watchdog.c.obj
                0x10004b64                watchdog_reboot
 .text.xosc_init
                0x10004bfc       0x28 CMakeFiles/Pico-RGB-Matrix-P3-64x32-Demo.dir/home/pi/pico/pico-sdk/src/rp2_common/hardware_xosc/xosc.c.obj
                0x10004bfc                xosc_init
 .text._out_char
                0x10004c24        0xc CMakeFiles/Pico-RGB-Matrix-P3-64x32-Demo.dir/home/pi/pico/pico-sdk/src/rp2_common/pico_printf/printf.c.obj
 .text.weak_raw_vprintf
                0x10004c30       0x30 CMakeFiles/Pico-RGB-Matrix-P3-64x32-Demo.dir/home/pi/pico/pico-sdk/src/rp2_common/pico_printf/printf.c.obj
                0x10004c30                weak_raw_vprintf
 .text          0x10004c60       0x10 CMakeFiles/Pico-RGB-Matrix-P3-64x32-Demo.dir/home/pi/pico/pico-sdk/src/rp2_common/pico_bit_ops/bit_ops_aeabi.S.obj
 .text.rom_func_lookup
                0x10004c70       0x10 CMakeFiles/Pico-RGB-Matrix-P3-64x32-Demo.dir/home/pi/pico/pico-sdk/src/rp2_common/pico_bootrom/bootrom.c.obj
                0x10004c70                rom_func_lookup
 .text.rom_data_lookup
                0x10004c80       0x10 CMakeFiles/Pico-RGB-Matrix-P3-64x32-Demo.dir/home/pi/pico/pico-sdk/src/rp2_common/pico_bootrom/bootrom.c.obj
                0x10004c80                rom_data_lookup
 .text.rom_funcs_lookup
                0x10004c90       0x3c CMakeFiles/Pico-RGB-Matrix-P3-64x32-Demo.dir/home/pi/pico/pico-sdk/src/rp2_common/pico_bootrom/bootrom.c.obj
                0x10004c90                rom_funcs_lookup
 .text.__wrap___aeabi_idiv
                0x10004ccc       0x50 CMakeFiles/Pico-RGB-Matrix-P3-64x32-Demo.dir/home/pi/pico/pico-sdk/src/rp2_common/pico_divider/divider.S.obj
                0x10004ccc                __wrap___aeabi_idivmod
                0x10004ccc                divmod_s32s32
                0x10004ccc                div_s32s32
                0x10004ccc                __wrap___aeabi_idiv
                0x10004cd4                divmod_s32s32_unsafe
                0x10004d00                divmod_s32s32_savestate
 .text.__wrap___aeabi_uidiv
                0x10004d1c       0x4c CMakeFiles/Pico-RGB-Matrix-P3-64x32-Demo.dir/home/pi/pico/pico-sdk/src/rp2_common/pico_divider/divider.S.obj
                0x10004d1c                __wrap___aeabi_uidiv
                0x10004d1c                __wrap___aeabi_uidivmod
                0x10004d1c                div_u32u32
                0x10004d1c                divmod_u32u32
                0x10004d24                divmod_u32u32_unsafe
                0x10004d4c                divmod_u32u32_savestate
 .text.__aeabi_double_init
                0x10004d68       0x60 CMakeFiles/Pico-RGB-Matrix-P3-64x32-Demo.dir/home/pi/pico/pico-sdk/src/rp2_common/pico_double/double_init_rom.c.obj
                0x10004d68                __aeabi_double_init
 .text.double_table_shim_on_use_helper
                0x10004dc8       0x2c CMakeFiles/Pico-RGB-Matrix-P3-64x32-Demo.dir/home/pi/pico/pico-sdk/src/rp2_common/pico_double/double_v1_rom_shim.S.obj
                0x10004dc8                double_table_shim_on_use_helper
 .text.__aeabi_lmul
                0x10004df4       0x32 CMakeFiles/Pico-RGB-Matrix-P3-64x32-Demo.dir/home/pi/pico/pico-sdk/src/rp2_common/pico_int64_ops/pico_int64_ops_aeabi.S.obj
                0x10004df4                __wrap___aeabi_lmul
 *fill*         0x10004e26        0x2 
 .text.__aeabi_float_init
                0x10004e28       0x68 CMakeFiles/Pico-RGB-Matrix-P3-64x32-Demo.dir/home/pi/pico/pico-sdk/src/rp2_common/pico_float/float_init_rom.c.obj
                0x10004e28                __aeabi_float_init
 .text.float_table_shim_on_use_helper
                0x10004e90       0x2c CMakeFiles/Pico-RGB-Matrix-P3-64x32-Demo.dir/home/pi/pico/pico-sdk/src/rp2_common/pico_float/float_v1_rom_shim.S.obj
                0x10004e90                float_table_shim_on_use_helper
 .text          0x10004ebc       0x10 CMakeFiles/Pico-RGB-Matrix-P3-64x32-Demo.dir/home/pi/pico/pico-sdk/src/rp2_common/pico_mem_ops/mem_ops_aeabi.S.obj
                0x10004ebc                __aeabi_mem_init
 .text.memset   0x10004ecc        0xc CMakeFiles/Pico-RGB-Matrix-P3-64x32-Demo.dir/home/pi/pico/pico-sdk/src/rp2_common/pico_mem_ops/mem_ops_aeabi.S.obj
                0x10004ecc                __wrap_memset
 .text.memcpy   0x10004ed8        0xc CMakeFiles/Pico-RGB-Matrix-P3-64x32-Demo.dir/home/pi/pico/pico-sdk/src/rp2_common/pico_mem_ops/mem_ops_aeabi.S.obj
                0x10004ed8                __wrap___aeabi_memcpy
                0x10004ed8                __wrap_memcpy
 .text.stdio_out_chars_crlf
                0x10004ee4       0x9c CMakeFiles/Pico-RGB-Matrix-P3-64x32-Demo.dir/home/pi/pico/pico-sdk/src/rp2_common/pico_stdio/stdio.c.obj
 .text.__wrap_putchar
                0x10004f80       0xa0 CMakeFiles/Pico-RGB-Matrix-P3-64x32-Demo.dir/home/pi/pico/pico-sdk/src/rp2_common/pico_stdio/stdio.c.obj
                0x10004f80                __wrap_putchar
 .text.__wrap_puts
                0x10005020       0xe8 CMakeFiles/Pico-RGB-Matrix-P3-64x32-Demo.dir/home/pi/pico/pico-sdk/src/rp2_common/pico_stdio/stdio.c.obj
                0x10005020                __wrap_puts
 .text.stdio_set_driver_enabled
                0x10005108       0x30 CMakeFiles/Pico-RGB-Matrix-P3-64x32-Demo.dir/home/pi/pico/pico-sdk/src/rp2_common/pico_stdio/stdio.c.obj
                0x10005108                stdio_set_driver_enabled
 .text.stdio_init_all
                0x10005138        0xc CMakeFiles/Pico-RGB-Matrix-P3-64x32-Demo.dir/home/pi/pico/pico-sdk/src/rp2_common/pico_stdio/stdio.c.obj
                0x10005138                stdio_init_all
 .text.stdio_uart_out_chars
                0x10005144       0x4c CMakeFiles/Pico-RGB-Matrix-P3-64x32-Demo.dir/home/pi/pico/pico-sdk/src/rp2_common/pico_stdio_uart/stdio_uart.c.obj
 .text.stdio_uart_in_chars
                0x10005190       0x3c CMakeFiles/Pico-RGB-Matrix-P3-64x32-Demo.dir/home/pi/pico/pico-sdk/src/rp2_common/pico_stdio_uart/stdio_uart.c.obj
                0x10005190                stdio_uart_in_chars
 .text.stdio_uart_init
                0x100051cc       0x48 CMakeFiles/Pico-RGB-Matrix-P3-64x32-Demo.dir/home/pi/pico/pico-sdk/src/rp2_common/pico_stdio_uart/stdio_uart.c.obj
                0x100051cc                stdio_uart_init
 .text.resetd_init
                0x10005214        0x4 CMakeFiles/Pico-RGB-Matrix-P3-64x32-Demo.dir/home/pi/pico/pico-sdk/src/rp2_common/pico_stdio_usb/reset_interface.c.obj
 .text.resetd_reset
                0x10005218        0xc CMakeFiles/Pico-RGB-Matrix-P3-64x32-Demo.dir/home/pi/pico/pico-sdk/src/rp2_common/pico_stdio_usb/reset_interface.c.obj
 .text.resetd_xfer_cb
                0x10005224        0x4 CMakeFiles/Pico-RGB-Matrix-P3-64x32-Demo.dir/home/pi/pico/pico-sdk/src/rp2_common/pico_stdio_usb/reset_interface.c.obj
 .text.resetd_open
                0x10005228       0x28 CMakeFiles/Pico-RGB-Matrix-P3-64x32-Demo.dir/home/pi/pico/pico-sdk/src/rp2_common/pico_stdio_usb/reset_interface.c.obj
 .text.resetd_control_xfer_cb
                0x10005250       0x64 CMakeFiles/Pico-RGB-Matrix-P3-64x32-Demo.dir/home/pi/pico/pico-sdk/src/rp2_common/pico_stdio_usb/reset_interface.c.obj
 .text.usbd_app_driver_get_cb
                0x100052b4        0xc CMakeFiles/Pico-RGB-Matrix-P3-64x32-Demo.dir/home/pi/pico/pico-sdk/src/rp2_common/pico_stdio_usb/reset_interface.c.obj
                0x100052b4                usbd_app_driver_get_cb
 .text.tud_cdc_line_coding_cb
                0x100052c0       0x34 CMakeFiles/Pico-RGB-Matrix-P3-64x32-Demo.dir/home/pi/pico/pico-sdk/src/rp2_common/pico_stdio_usb/reset_interface.c.obj
                0x100052c0                tud_cdc_line_coding_cb
 .text.stdio_usb_in_chars
                0x100052f4       0x68 CMakeFiles/Pico-RGB-Matrix-P3-64x32-Demo.dir/home/pi/pico/pico-sdk/src/rp2_common/pico_stdio_usb/stdio_usb.c.obj
                0x100052f4                stdio_usb_in_chars
 .text.timer_task
                0x1000535c       0x18 CMakeFiles/Pico-RGB-Matrix-P3-64x32-Demo.dir/home/pi/pico/pico-sdk/src/rp2_common/pico_stdio_usb/stdio_usb.c.obj
 .text.usb_irq  0x10005374       0x10 CMakeFiles/Pico-RGB-Matrix-P3-64x32-Demo.dir/home/pi/pico/pico-sdk/src/rp2_common/pico_stdio_usb/stdio_usb.c.obj
 .text.low_priority_worker_irq
                0x10005384       0x20 CMakeFiles/Pico-RGB-Matrix-P3-64x32-Demo.dir/home/pi/pico/pico-sdk/src/rp2_common/pico_stdio_usb/stdio_usb.c.obj
 .text.stdio_usb_out_chars
                0x100053a4       0xf0 CMakeFiles/Pico-RGB-Matrix-P3-64x32-Demo.dir/home/pi/pico/pico-sdk/src/rp2_common/pico_stdio_usb/stdio_usb.c.obj
 .text.stdio_usb_init
                0x10005494       0xb0 CMakeFiles/Pico-RGB-Matrix-P3-64x32-Demo.dir/home/pi/pico/pico-sdk/src/rp2_common/pico_stdio_usb/stdio_usb.c.obj
                0x10005494                stdio_usb_init
 .text.tud_descriptor_device_cb
                0x10005544        0x8 CMakeFiles/Pico-RGB-Matrix-P3-64x32-Demo.dir/home/pi/pico/pico-sdk/src/rp2_common/pico_stdio_usb/stdio_usb_descriptors.c.obj
                0x10005544                tud_descriptor_device_cb
 .text.tud_descriptor_configuration_cb
                0x1000554c        0x8 CMakeFiles/Pico-RGB-Matrix-P3-64x32-Demo.dir/home/pi/pico/pico-sdk/src/rp2_common/pico_stdio_usb/stdio_usb_descriptors.c.obj
                0x1000554c                tud_descriptor_configuration_cb
 .text.tud_descriptor_string_cb
                0x10005554       0x70 CMakeFiles/Pico-RGB-Matrix-P3-64x32-Demo.dir/home/pi/pico/pico-sdk/src/rp2_common/pico_stdio_usb/stdio_usb_descriptors.c.obj
                0x10005554                tud_descriptor_string_cb
 .text.dcd_rp2040_irq
                0x100055c4      0x21c CMakeFiles/Pico-RGB-Matrix-P3-64x32-Demo.dir/home/pi/pico/pico-sdk/lib/tinyusb/src/portable/raspberrypi/rp2040/dcd_rp2040.c.obj
 .text.dcd_int_enable
                0x100057e0        0xc CMakeFiles/Pico-RGB-Matrix-P3-64x32-Demo.dir/home/pi/pico/pico-sdk/lib/tinyusb/src/portable/raspberrypi/rp2040/dcd_rp2040.c.obj
                0x100057e0                dcd_int_enable
 .text.dcd_set_address
                0x100057ec       0x14 CMakeFiles/Pico-RGB-Matrix-P3-64x32-Demo.dir/home/pi/pico/pico-sdk/lib/tinyusb/src/portable/raspberrypi/rp2040/dcd_rp2040.c.obj
                0x100057ec                dcd_set_address
 .text.dcd_connect
                0x10005800       0x10 CMakeFiles/Pico-RGB-Matrix-P3-64x32-Demo.dir/home/pi/pico/pico-sdk/lib/tinyusb/src/portable/raspberrypi/rp2040/dcd_rp2040.c.obj
                0x10005800                dcd_connect
 .text.dcd_init
                0x10005810      0x144 CMakeFiles/Pico-RGB-Matrix-P3-64x32-Demo.dir/home/pi/pico/pico-sdk/lib/tinyusb/src/portable/raspberrypi/rp2040/dcd_rp2040.c.obj
                0x10005810                dcd_init
 .text.dcd_edpt0_status_complete
                0x10005954       0x1c CMakeFiles/Pico-RGB-Matrix-P3-64x32-Demo.dir/home/pi/pico/pico-sdk/lib/tinyusb/src/portable/raspberrypi/rp2040/dcd_rp2040.c.obj
                0x10005954                dcd_edpt0_status_complete
 .text.dcd_edpt_open
                0x10005970       0xf0 CMakeFiles/Pico-RGB-Matrix-P3-64x32-Demo.dir/home/pi/pico/pico-sdk/lib/tinyusb/src/portable/raspberrypi/rp2040/dcd_rp2040.c.obj
                0x10005970                dcd_edpt_open
 .text.dcd_edpt_close_all
                0x10005a60       0xbc CMakeFiles/Pico-RGB-Matrix-P3-64x32-Demo.dir/home/pi/pico/pico-sdk/lib/tinyusb/src/portable/raspberrypi/rp2040/dcd_rp2040.c.obj
                0x10005a60                dcd_edpt_close_all
 .text.dcd_edpt_xfer
                0x10005b1c       0x24 CMakeFiles/Pico-RGB-Matrix-P3-64x32-Demo.dir/home/pi/pico/pico-sdk/lib/tinyusb/src/portable/raspberrypi/rp2040/dcd_rp2040.c.obj
                0x10005b1c                dcd_edpt_xfer
 .text.dcd_edpt_stall
                0x10005b40       0x34 CMakeFiles/Pico-RGB-Matrix-P3-64x32-Demo.dir/home/pi/pico/pico-sdk/lib/tinyusb/src/portable/raspberrypi/rp2040/dcd_rp2040.c.obj
                0x10005b40                dcd_edpt_stall
 .text.dcd_edpt_clear_stall
                0x10005b74       0x2c CMakeFiles/Pico-RGB-Matrix-P3-64x32-Demo.dir/home/pi/pico/pico-sdk/lib/tinyusb/src/portable/raspberrypi/rp2040/dcd_rp2040.c.obj
                0x10005b74                dcd_edpt_clear_stall
 .text.rp2040_usb_init
                0x10005ba0       0x4c CMakeFiles/Pico-RGB-Matrix-P3-64x32-Demo.dir/home/pi/pico/pico-sdk/lib/tinyusb/src/portable/raspberrypi/rp2040/rp2040_usb.c.obj
                0x10005ba0                rp2040_usb_init
 .text.hw_endpoint_reset_transfer
                0x10005bec        0xc CMakeFiles/Pico-RGB-Matrix-P3-64x32-Demo.dir/home/pi/pico/pico-sdk/lib/tinyusb/src/portable/raspberrypi/rp2040/rp2040_usb.c.obj
                0x10005bec                hw_endpoint_reset_transfer
 .text._hw_endpoint_buffer_control_update32
                0x10005bf8       0x58 CMakeFiles/Pico-RGB-Matrix-P3-64x32-Demo.dir/home/pi/pico/pico-sdk/lib/tinyusb/src/portable/raspberrypi/rp2040/rp2040_usb.c.obj
                0x10005bf8                _hw_endpoint_buffer_control_update32
 .text.hw_endpoint_xfer_start
                0x10005c50      0x14c CMakeFiles/Pico-RGB-Matrix-P3-64x32-Demo.dir/home/pi/pico/pico-sdk/lib/tinyusb/src/portable/raspberrypi/rp2040/rp2040_usb.c.obj
                0x10005c50                hw_endpoint_xfer_start
 .text.hw_endpoint_xfer_continue
                0x10005d9c      0x200 CMakeFiles/Pico-RGB-Matrix-P3-64x32-Demo.dir/home/pi/pico/pico-sdk/lib/tinyusb/src/portable/raspberrypi/rp2040/rp2040_usb.c.obj
                0x10005d9c                hw_endpoint_xfer_continue
 .text.tud_mounted
                0x10005f9c       0x10 CMakeFiles/Pico-RGB-Matrix-P3-64x32-Demo.dir/home/pi/pico/pico-sdk/lib/tinyusb/src/device/usbd.c.obj
                0x10005f9c                tud_mounted
 .text.tud_suspended
                0x10005fac       0x10 CMakeFiles/Pico-RGB-Matrix-P3-64x32-Demo.dir/home/pi/pico/pico-sdk/lib/tinyusb/src/device/usbd.c.obj
                0x10005fac                tud_suspended
 .text.tud_inited
                0x10005fbc        0xc CMakeFiles/Pico-RGB-Matrix-P3-64x32-Demo.dir/home/pi/pico/pico-sdk/lib/tinyusb/src/device/usbd.c.obj
                0x10005fbc                tud_inited
 .text.tud_init
                0x10005fc8       0xdc CMakeFiles/Pico-RGB-Matrix-P3-64x32-Demo.dir/home/pi/pico/pico-sdk/lib/tinyusb/src/device/usbd.c.obj
                0x10005fc8                tud_init
 .text.tud_task
                0x100060a4      0x938 CMakeFiles/Pico-RGB-Matrix-P3-64x32-Demo.dir/home/pi/pico/pico-sdk/lib/tinyusb/src/device/usbd.c.obj
                0x100060a4                tud_task
 .text.dcd_event_bus_signal
                0x100069dc      0x124 CMakeFiles/Pico-RGB-Matrix-P3-64x32-Demo.dir/home/pi/pico/pico-sdk/lib/tinyusb/src/device/usbd.c.obj
                0x100069dc                dcd_event_bus_signal
 .text.dcd_event_bus_reset
                0x10006b00       0x58 CMakeFiles/Pico-RGB-Matrix-P3-64x32-Demo.dir/home/pi/pico/pico-sdk/lib/tinyusb/src/device/usbd.c.obj
                0x10006b00                dcd_event_bus_reset
 .text.dcd_event_setup_received
                0x10006b58       0x50 CMakeFiles/Pico-RGB-Matrix-P3-64x32-Demo.dir/home/pi/pico/pico-sdk/lib/tinyusb/src/device/usbd.c.obj
                0x10006b58                dcd_event_setup_received
 .text.dcd_event_xfer_complete
                0x10006ba8       0x68 CMakeFiles/Pico-RGB-Matrix-P3-64x32-Demo.dir/home/pi/pico/pico-sdk/lib/tinyusb/src/device/usbd.c.obj
                0x10006ba8                dcd_event_xfer_complete
 .text.usbd_open_edpt_pair
                0x10006c10       0xa4 CMakeFiles/Pico-RGB-Matrix-P3-64x32-Demo.dir/home/pi/pico/pico-sdk/lib/tinyusb/src/device/usbd.c.obj
                0x10006c10                usbd_open_edpt_pair
 .text.usbd_edpt_open
                0x10006cb4       0x30 CMakeFiles/Pico-RGB-Matrix-P3-64x32-Demo.dir/home/pi/pico/pico-sdk/lib/tinyusb/src/device/usbd.c.obj
                0x10006cb4                usbd_edpt_open
 .text.usbd_edpt_claim
                0x10006ce4       0x5c CMakeFiles/Pico-RGB-Matrix-P3-64x32-Demo.dir/home/pi/pico/pico-sdk/lib/tinyusb/src/device/usbd.c.obj
                0x10006ce4                usbd_edpt_claim
 .text.usbd_edpt_release
                0x10006d40       0x4c CMakeFiles/Pico-RGB-Matrix-P3-64x32-Demo.dir/home/pi/pico/pico-sdk/lib/tinyusb/src/device/usbd.c.obj
                0x10006d40                usbd_edpt_release
 .text.usbd_edpt_xfer
                0x10006d8c       0x48 CMakeFiles/Pico-RGB-Matrix-P3-64x32-Demo.dir/home/pi/pico/pico-sdk/lib/tinyusb/src/device/usbd.c.obj
                0x10006d8c                usbd_edpt_xfer
 .text.tud_control_status
                0x10006dd4       0x30 CMakeFiles/Pico-RGB-Matrix-P3-64x32-Demo.dir/home/pi/pico/pico-sdk/lib/tinyusb/src/device/usbd_control.c.obj
                0x10006dd4                tud_control_status
 .text.tud_control_xfer
                0x10006e04       0xb4 CMakeFiles/Pico-RGB-Matrix-P3-64x32-Demo.dir/home/pi/pico/pico-sdk/lib/tinyusb/src/device/usbd_control.c.obj
                0x10006e04                tud_control_xfer
 .text.usbd_control_reset
                0x10006eb8       0x14 CMakeFiles/Pico-RGB-Matrix-P3-64x32-Demo.dir/home/pi/pico/pico-sdk/lib/tinyusb/src/device/usbd_control.c.obj
                0x10006eb8                usbd_control_reset
 .text.usbd_control_set_complete_callback
                0x10006ecc        0xc CMakeFiles/Pico-RGB-Matrix-P3-64x32-Demo.dir/home/pi/pico/pico-sdk/lib/tinyusb/src/device/usbd_control.c.obj
                0x10006ecc                usbd_control_set_complete_callback
 .text.usbd_control_set_request
                0x10006ed8       0x1c CMakeFiles/Pico-RGB-Matrix-P3-64x32-Demo.dir/home/pi/pico/pico-sdk/lib/tinyusb/src/device/usbd_control.c.obj
                0x10006ed8                usbd_control_set_request
 .text.usbd_control_xfer_cb
                0x10006ef4       0xfc CMakeFiles/Pico-RGB-Matrix-P3-64x32-Demo.dir/home/pi/pico/pico-sdk/lib/tinyusb/src/device/usbd_control.c.obj
                0x10006ef4                usbd_control_xfer_cb
 .text.tud_cdc_n_connected
                0x10006ff0       0x30 CMakeFiles/Pico-RGB-Matrix-P3-64x32-Demo.dir/home/pi/pico/pico-sdk/lib/tinyusb/src/class/cdc/cdc_device.c.obj
                0x10006ff0                tud_cdc_n_connected
 .text.tud_cdc_n_available
                0x10007020       0x1c CMakeFiles/Pico-RGB-Matrix-P3-64x32-Demo.dir/home/pi/pico/pico-sdk/lib/tinyusb/src/class/cdc/cdc_device.c.obj
                0x10007020                tud_cdc_n_available
 .text.tud_cdc_n_read
                0x1000703c       0x70 CMakeFiles/Pico-RGB-Matrix-P3-64x32-Demo.dir/home/pi/pico/pico-sdk/lib/tinyusb/src/class/cdc/cdc_device.c.obj
                0x1000703c                tud_cdc_n_read
 .text.tud_cdc_n_write
                0x100070ac       0x90 CMakeFiles/Pico-RGB-Matrix-P3-64x32-Demo.dir/home/pi/pico/pico-sdk/lib/tinyusb/src/class/cdc/cdc_device.c.obj
                0x100070ac                tud_cdc_n_write
 .text.tud_cdc_n_write_flush
                0x1000713c       0x78 CMakeFiles/Pico-RGB-Matrix-P3-64x32-Demo.dir/home/pi/pico/pico-sdk/lib/tinyusb/src/class/cdc/cdc_device.c.obj
                0x1000713c                tud_cdc_n_write_flush
 .text.tud_cdc_n_write_available
                0x100071b4       0x1c CMakeFiles/Pico-RGB-Matrix-P3-64x32-Demo.dir/home/pi/pico/pico-sdk/lib/tinyusb/src/class/cdc/cdc_device.c.obj
                0x100071b4                tud_cdc_n_write_available
 .text.cdcd_init
                0x100071d0       0x7c CMakeFiles/Pico-RGB-Matrix-P3-64x32-Demo.dir/home/pi/pico/pico-sdk/lib/tinyusb/src/class/cdc/cdc_device.c.obj
                0x100071d0                cdcd_init
 .text.cdcd_reset
                0x1000724c       0x2c CMakeFiles/Pico-RGB-Matrix-P3-64x32-Demo.dir/home/pi/pico/pico-sdk/lib/tinyusb/src/class/cdc/cdc_device.c.obj
                0x1000724c                cdcd_reset
 .text.cdcd_open
                0x10007278       0xe4 CMakeFiles/Pico-RGB-Matrix-P3-64x32-Demo.dir/home/pi/pico/pico-sdk/lib/tinyusb/src/class/cdc/cdc_device.c.obj
                0x10007278                cdcd_open
 .text.cdcd_control_xfer_cb
                0x1000735c       0xe4 CMakeFiles/Pico-RGB-Matrix-P3-64x32-Demo.dir/home/pi/pico/pico-sdk/lib/tinyusb/src/class/cdc/cdc_device.c.obj
                0x1000735c                cdcd_control_xfer_cb
 .text.cdcd_xfer_cb
                0x10007440      0x198 CMakeFiles/Pico-RGB-Matrix-P3-64x32-Demo.dir/home/pi/pico/pico-sdk/lib/tinyusb/src/class/cdc/cdc_device.c.obj
                0x10007440                cdcd_xfer_cb
 .text.tusb_init
                0x100075d8        0xc CMakeFiles/Pico-RGB-Matrix-P3-64x32-Demo.dir/home/pi/pico/pico-sdk/lib/tinyusb/src/tusb.c.obj
                0x100075d8                tusb_init
 .text.tusb_inited
                0x100075e4        0x8 CMakeFiles/Pico-RGB-Matrix-P3-64x32-Demo.dir/home/pi/pico/pico-sdk/lib/tinyusb/src/tusb.c.obj
                0x100075e4                tusb_inited
 .text.tu_edpt_validate
                0x100075ec       0x78 CMakeFiles/Pico-RGB-Matrix-P3-64x32-Demo.dir/home/pi/pico/pico-sdk/lib/tinyusb/src/tusb.c.obj
                0x100075ec                tu_edpt_validate
 .text.tu_edpt_bind_driver
                0x10007664       0x2c CMakeFiles/Pico-RGB-Matrix-P3-64x32-Demo.dir/home/pi/pico/pico-sdk/lib/tinyusb/src/tusb.c.obj
                0x10007664                tu_edpt_bind_driver
 .text.tu_fifo_config
                0x10007690       0x78 CMakeFiles/Pico-RGB-Matrix-P3-64x32-Demo.dir/home/pi/pico/pico-sdk/lib/tinyusb/src/common/tusb_fifo.c.obj
                0x10007690                tu_fifo_config
 .text.tu_fifo_count
                0x10007708       0x24 CMakeFiles/Pico-RGB-Matrix-P3-64x32-Demo.dir/home/pi/pico/pico-sdk/lib/tinyusb/src/common/tusb_fifo.c.obj
                0x10007708                tu_fifo_count
 .text.tu_fifo_empty
                0x1000772c       0x10 CMakeFiles/Pico-RGB-Matrix-P3-64x32-Demo.dir/home/pi/pico/pico-sdk/lib/tinyusb/src/common/tusb_fifo.c.obj
                0x1000772c                tu_fifo_empty
 .text.tu_fifo_remaining
                0x1000773c       0x20 CMakeFiles/Pico-RGB-Matrix-P3-64x32-Demo.dir/home/pi/pico/pico-sdk/lib/tinyusb/src/common/tusb_fifo.c.obj
                0x1000773c                tu_fifo_remaining
 .text.tu_fifo_read
                0x1000775c       0x9c CMakeFiles/Pico-RGB-Matrix-P3-64x32-Demo.dir/home/pi/pico/pico-sdk/lib/tinyusb/src/common/tusb_fifo.c.obj
                0x1000775c                tu_fifo_read
 .text.tu_fifo_read_n
                0x100077f8       0xf0 CMakeFiles/Pico-RGB-Matrix-P3-64x32-Demo.dir/home/pi/pico/pico-sdk/lib/tinyusb/src/common/tusb_fifo.c.obj
                0x100077f8                tu_fifo_read_n
 .text.tu_fifo_write
                0x100078e8       0x80 CMakeFiles/Pico-RGB-Matrix-P3-64x32-Demo.dir/home/pi/pico/pico-sdk/lib/tinyusb/src/common/tusb_fifo.c.obj
                0x100078e8                tu_fifo_write
 .text.tu_fifo_write_n
                0x10007968       0xe8 CMakeFiles/Pico-RGB-Matrix-P3-64x32-Demo.dir/home/pi/pico/pico-sdk/lib/tinyusb/src/common/tusb_fifo.c.obj
                0x10007968                tu_fifo_write_n
 .text.tu_fifo_clear
                0x10007a50       0x4c CMakeFiles/Pico-RGB-Matrix-P3-64x32-Demo.dir/home/pi/pico/pico-sdk/lib/tinyusb/src/common/tusb_fifo.c.obj
                0x10007a50                tu_fifo_clear
 .text.tu_fifo_set_overwritable
                0x10007a9c       0x3c CMakeFiles/Pico-RGB-Matrix-P3-64x32-Demo.dir/home/pi/pico/pico-sdk/lib/tinyusb/src/common/tusb_fifo.c.obj
                0x10007a9c                tu_fifo_set_overwritable
 .text.startup._retrieve_unique_id_on_boot
                0x10007ad8       0x10 CMakeFiles/Pico-RGB-Matrix-P3-64x32-Demo.dir/home/pi/pico/pico-sdk/src/rp2_common/pico_unique_id/unique_id.c.obj
 .text.pico_get_unique_board_id_string
                0x10007ae8      0x1cc CMakeFiles/Pico-RGB-Matrix-P3-64x32-Demo.dir/home/pi/pico/pico-sdk/src/rp2_common/pico_unique_id/unique_id.c.obj
                0x10007ae8                pico_get_unique_board_id_string
 .text.flash_get_unique_id
                0x10007cb4       0x3c CMakeFiles/Pico-RGB-Matrix-P3-64x32-Demo.dir/home/pi/pico/pico-sdk/src/rp2_common/hardware_flash/flash.c.obj
                0x10007cb4                flash_get_unique_id
 .text.i2c_init
                0x10007cf0      0x108 CMakeFiles/Pico-RGB-Matrix-P3-64x32-Demo.dir/home/pi/pico/pico-sdk/src/rp2_common/hardware_i2c/i2c.c.obj
                0x10007cf0                i2c_init
 .text.i2c_write_blocking
                0x10007df8       0xdc CMakeFiles/Pico-RGB-Matrix-P3-64x32-Demo.dir/home/pi/pico/pico-sdk/src/rp2_common/hardware_i2c/i2c.c.obj
                0x10007df8                i2c_write_blocking
 .text.i2c_read_blocking
                0x10007ed4       0x98 CMakeFiles/Pico-RGB-Matrix-P3-64x32-Demo.dir/home/pi/pico/pico-sdk/src/rp2_common/hardware_i2c/i2c.c.obj
                0x10007ed4                i2c_read_blocking
 .text.adc_init
                0x10007f6c       0x38 CMakeFiles/Pico-RGB-Matrix-P3-64x32-Demo.dir/home/pi/pico/pico-sdk/src/rp2_common/hardware_adc/adc.c.obj
                0x10007f6c                adc_init
 .text          0x10007fa4       0x64 /usr/lib/gcc/arm-none-eabi/7.3.1/../../../arm-none-eabi/lib/thumb/v6-m/libc.a(lib_a-strlen-stub.o)
                0x10007fa4                strlen
 *(.fini)
 .fini          0x10008008        0x4 /usr/lib/gcc/arm-none-eabi/7.3.1/thumb/v6-m/crti.o
                0x10008008                _fini
 *fill*         0x1000800c        0x4 
 .fini.__stub   0x10008010       0x60 linker stubs
 *crtbegin.o(.ctors)
 *crtbegin?.o(.ctors)
 *(EXCLUDE_FILE(*crtend.o *crtend?.o) .ctors)
 *(SORT_BY_NAME(.ctors.*))
 *(.ctors)
 *crtbegin.o(.dtors)
 *crtbegin?.o(.dtors)
 *(EXCLUDE_FILE(*crtend.o *crtend?.o) .dtors)
 *(SORT_BY_NAME(.dtors.*))
 *(.dtors)
 *(.eh_frame*)
 .eh_frame      0x10008070        0x0 /usr/lib/gcc/arm-none-eabi/7.3.1/thumb/v6-m/crtbegin.o
                0x10008070                . = ALIGN (0x4)

.glue_7         0x10008070        0x0
 .glue_7        0x10008070        0x0 linker stubs

.glue_7t        0x10008070        0x0
 .glue_7t       0x10008070        0x0 linker stubs

.vfp11_veneer   0x10008070        0x0
 .vfp11_veneer  0x10008070        0x0 linker stubs

.v4_bx          0x10008070        0x0
 .v4_bx         0x10008070        0x0 linker stubs

.iplt           0x10008070        0x0
 .iplt          0x10008070        0x0 /usr/lib/gcc/arm-none-eabi/7.3.1/thumb/v6-m/crtbegin.o

.rodata         0x10008070      0xdcc
 *(EXCLUDE_FILE(*libm.a: *libc.a:*lib_a-mem*.o *libgcc.a:) .rodata*)
 .rodata.str1.4
                0x10008070        0x9 CMakeFiles/Pico-RGB-Matrix-P3-64x32-Demo.dir/input/reg_gpio_key.cpp.obj
 *fill*         0x10008079        0x3 
 .rodata        0x1000807c        0x2 CMakeFiles/Pico-RGB-Matrix-P3-64x32-Demo.dir/ModuleDrivers/driver_ds3231.cpp.obj
 *fill*         0x1000807e        0x2 
 .rodata        0x10008080       0x40 CMakeFiles/Pico-RGB-Matrix-P3-64x32-Demo.dir/ModuleDrivers/driver_RGBMatrix.cpp.obj
 .rodata.str1.4
                0x100080c0        0xa CMakeFiles/Pico-RGB-Matrix-P3-64x32-Demo.dir/device/RGBMatrix_device.cpp.obj
 *fill*         0x100080ca        0x2 
 .rodata._Z14get_month_dateth
                0x100080cc       0x68 CMakeFiles/Pico-RGB-Matrix-P3-64x32-Demo.dir/display/display_subsystem.cpp.obj
 .rodata.CSWTCH.45
                0x10008134        0x7 CMakeFiles/Pico-RGB-Matrix-P3-64x32-Demo.dir/display/display_subsystem.cpp.obj
 *fill*         0x1000813b        0x1 
 .rodata._ZL18LunarCalendarTable
                0x1000813c      0x31c CMakeFiles/Pico-RGB-Matrix-P3-64x32-Demo.dir/display/display_subsystem.cpp.obj
 .rodata._ZL8MonthAdd
                0x10008458       0x18 CMakeFiles/Pico-RGB-Matrix-P3-64x32-Demo.dir/display/display_subsystem.cpp.obj
 .rodata.str1.4
                0x10008470       0x98 CMakeFiles/Pico-RGB-Matrix-P3-64x32-Demo.dir/display/display_subsystem.cpp.obj
 .rodata._ZL10DISPdat4X7
                0x10008508      0x380 CMakeFiles/Pico-RGB-Matrix-P3-64x32-Demo.dir/font/font.cpp.obj
 .rodata._ZL11DISPdat8X10
                0x10008888      0x118 CMakeFiles/Pico-RGB-Matrix-P3-64x32-Demo.dir/font/font.cpp.obj
 .rodata._ZL12DISPdat8X10B
                0x100089a0      0x118 CMakeFiles/Pico-RGB-Matrix-P3-64x32-Demo.dir/font/font.cpp.obj
 .rodata.spin_lock_claim_unused.str1.4
                0x10008ab8       0x1b CMakeFiles/Pico-RGB-Matrix-P3-64x32-Demo.dir/home/pi/pico/pico-sdk/src/rp2_common/hardware_sync/sync.c.obj
 *fill*         0x10008ad3        0x1 
 .rodata.user_irq_claim_unused.str1.4
                0x10008ad4       0x1b CMakeFiles/Pico-RGB-Matrix-P3-64x32-Demo.dir/home/pi/pico/pico-sdk/src/rp2_common/hardware_irq/irq.c.obj
 *fill*         0x10008aef        0x1 
 .rodata.hardware_alarm_claim.str1.4
                0x10008af0       0x22 CMakeFiles/Pico-RGB-Matrix-P3-64x32-Demo.dir/home/pi/pico/pico-sdk/src/rp2_common/hardware_timer/timer.c.obj
 *fill*         0x10008b12        0x2 
 .rodata.hard_assertion_failure.str1.4
                0x10008b14        0xc CMakeFiles/Pico-RGB-Matrix-P3-64x32-Demo.dir/home/pi/pico/pico-sdk/src/rp2_common/pico_runtime/runtime.c.obj
 .rodata.panic.str1.4
                0x10008b20       0x12 CMakeFiles/Pico-RGB-Matrix-P3-64x32-Demo.dir/home/pi/pico/pico-sdk/src/rp2_common/pico_runtime/runtime.c.obj
 *fill*         0x10008b32        0x2 
 .rodata.__bi_44
                0x10008b34        0xc CMakeFiles/Pico-RGB-Matrix-P3-64x32-Demo.dir/home/pi/pico/pico-sdk/src/rp2_common/pico_standard_link/binary_info.c.obj
 .rodata.__bi_69
                0x10008b40        0xc CMakeFiles/Pico-RGB-Matrix-P3-64x32-Demo.dir/home/pi/pico/pico-sdk/src/rp2_common/pico_standard_link/binary_info.c.obj
 .rodata.__bi_75
                0x10008b4c        0xc CMakeFiles/Pico-RGB-Matrix-P3-64x32-Demo.dir/home/pi/pico/pico-sdk/src/rp2_common/pico_standard_link/binary_info.c.obj
 .rodata.__bi_81
                0x10008b58        0xc CMakeFiles/Pico-RGB-Matrix-P3-64x32-Demo.dir/home/pi/pico/pico-sdk/src/rp2_common/pico_standard_link/binary_info.c.obj
 .rodata.str1.4
                0x10008b64       0xac CMakeFiles/Pico-RGB-Matrix-P3-64x32-Demo.dir/home/pi/pico/pico-sdk/src/rp2_common/pico_standard_link/binary_info.c.obj
 .rodata.crlf_str.6012
                0x10008c10        0x2 CMakeFiles/Pico-RGB-Matrix-P3-64x32-Demo.dir/home/pi/pico/pico-sdk/src/rp2_common/pico_stdio/stdio.c.obj
 *fill*         0x10008c12        0x2 
 .rodata.__bi_28.4819
                0x10008c14        0xc CMakeFiles/Pico-RGB-Matrix-P3-64x32-Demo.dir/home/pi/pico/pico-sdk/src/rp2_common/pico_stdio_uart/stdio_uart.c.obj
 .rodata.__bi_29.4823
                0x10008c20        0x8 CMakeFiles/Pico-RGB-Matrix-P3-64x32-Demo.dir/home/pi/pico/pico-sdk/src/rp2_common/pico_stdio_uart/stdio_uart.c.obj
 .rodata.str1.4
                0x10008c28       0x2c CMakeFiles/Pico-RGB-Matrix-P3-64x32-Demo.dir/home/pi/pico/pico-sdk/src/rp2_common/pico_stdio_uart/stdio_uart.c.obj
 .rodata._resetd_driver
                0x10008c54       0x18 CMakeFiles/Pico-RGB-Matrix-P3-64x32-Demo.dir/home/pi/pico/pico-sdk/src/rp2_common/pico_stdio_usb/reset_interface.c.obj
 .rodata.__bi_118.7154
                0x10008c6c        0xc CMakeFiles/Pico-RGB-Matrix-P3-64x32-Demo.dir/home/pi/pico/pico-sdk/src/rp2_common/pico_stdio_usb/stdio_usb.c.obj
 .rodata.str1.4
                0x10008c78       0x13 CMakeFiles/Pico-RGB-Matrix-P3-64x32-Demo.dir/home/pi/pico/pico-sdk/src/rp2_common/pico_stdio_usb/stdio_usb.c.obj
 *fill*         0x10008c8b        0x1 
 .rodata.str1.4
                0x10008c8c       0x2a CMakeFiles/Pico-RGB-Matrix-P3-64x32-Demo.dir/home/pi/pico/pico-sdk/src/rp2_common/pico_stdio_usb/stdio_usb_descriptors.c.obj
 *fill*         0x10008cb6        0x2 
 .rodata.usbd_desc_cfg
                0x10008cb8       0x54 CMakeFiles/Pico-RGB-Matrix-P3-64x32-Demo.dir/home/pi/pico/pico-sdk/src/rp2_common/pico_stdio_usb/stdio_usb_descriptors.c.obj
 .rodata.usbd_desc_device
                0x10008d0c       0x12 CMakeFiles/Pico-RGB-Matrix-P3-64x32-Demo.dir/home/pi/pico/pico-sdk/src/rp2_common/pico_stdio_usb/stdio_usb_descriptors.c.obj
 *fill*         0x10008d1e        0x2 
 .rodata.usbd_desc_str
                0x10008d20       0x18 CMakeFiles/Pico-RGB-Matrix-P3-64x32-Demo.dir/home/pi/pico/pico-sdk/src/rp2_common/pico_stdio_usb/stdio_usb_descriptors.c.obj
 .rodata.dcd_rp2040_irq.str1.4
                0x10008d38       0x14 CMakeFiles/Pico-RGB-Matrix-P3-64x32-Demo.dir/home/pi/pico/pico-sdk/lib/tinyusb/src/portable/raspberrypi/rp2040/dcd_rp2040.c.obj
 .rodata._hw_endpoint_buffer_control_update32.str1.4
                0x10008d4c       0x1f CMakeFiles/Pico-RGB-Matrix-P3-64x32-Demo.dir/home/pi/pico/pico-sdk/lib/tinyusb/src/portable/raspberrypi/rp2040/rp2040_usb.c.obj
 *fill*         0x10008d6b        0x1 
 .rodata.hw_endpoint_xfer_continue.str1.4
                0x10008d6c       0x29 CMakeFiles/Pico-RGB-Matrix-P3-64x32-Demo.dir/home/pi/pico/pico-sdk/lib/tinyusb/src/portable/raspberrypi/rp2040/rp2040_usb.c.obj
 .rodata.str1.4
                0x10008d95       0x2c CMakeFiles/Pico-RGB-Matrix-P3-64x32-Demo.dir/home/pi/pico/pico-sdk/lib/tinyusb/src/portable/raspberrypi/rp2040/rp2040_usb.c.obj
                                  0x7 (size before relaxing)
 *fill*         0x10008d95        0x3 
 .rodata.tud_task
                0x10008d98       0x8c CMakeFiles/Pico-RGB-Matrix-P3-64x32-Demo.dir/home/pi/pico/pico-sdk/lib/tinyusb/src/device/usbd.c.obj
 .rodata._usbd_driver
                0x10008e24       0x18 CMakeFiles/Pico-RGB-Matrix-P3-64x32-Demo.dir/home/pi/pico/pico-sdk/lib/tinyusb/src/device/usbd.c.obj
                0x10008e3c                . = ALIGN (0x4)
 *(SORT_BY_ALIGNMENT(SORT_BY_NAME(.flashdata*)))
                0x10008e3c                . = ALIGN (0x4)

.rel.dyn        0x10008e3c        0x0
 .rel.iplt      0x10008e3c        0x0 /usr/lib/gcc/arm-none-eabi/7.3.1/thumb/v6-m/crtbegin.o

.ARM.extab
 *(.ARM.extab* .gnu.linkonce.armextab.*)
                0x10008e3c                __exidx_start = .

.ARM.exidx
 *(.ARM.exidx* .gnu.linkonce.armexidx.*)
                0x10008e3c                __exidx_end = .
                0x10008e3c                . = ALIGN (0x4)
                0x10008e3c                __binary_info_start = .

.binary_info    0x10008e3c       0x2c
 *(.binary_info.keep.*)
 .binary_info.keep.__bi_ptr22
                0x10008e3c        0x4 CMakeFiles/Pico-RGB-Matrix-P3-64x32-Demo.dir/home/pi/pico/pico-sdk/src/rp2_common/pico_standard_link/binary_info.c.obj
 .binary_info.keep.__bi_ptr30
                0x10008e40        0x4 CMakeFiles/Pico-RGB-Matrix-P3-64x32-Demo.dir/home/pi/pico/pico-sdk/src/rp2_common/pico_standard_link/binary_info.c.obj
 .binary_info.keep.__bi_ptr38
                0x10008e44        0x4 CMakeFiles/Pico-RGB-Matrix-P3-64x32-Demo.dir/home/pi/pico/pico-sdk/src/rp2_common/pico_standard_link/binary_info.c.obj
 .binary_info.keep.__bi_ptr44
                0x10008e48        0x4 CMakeFiles/Pico-RGB-Matrix-P3-64x32-Demo.dir/home/pi/pico/pico-sdk/src/rp2_common/pico_standard_link/binary_info.c.obj
 .binary_info.keep.__bi_ptr50
                0x10008e4c        0x4 CMakeFiles/Pico-RGB-Matrix-P3-64x32-Demo.dir/home/pi/pico/pico-sdk/src/rp2_common/pico_standard_link/binary_info.c.obj
 .binary_info.keep.__bi_ptr69
                0x10008e50        0x4 CMakeFiles/Pico-RGB-Matrix-P3-64x32-Demo.dir/home/pi/pico/pico-sdk/src/rp2_common/pico_standard_link/binary_info.c.obj
 .binary_info.keep.__bi_ptr75
                0x10008e54        0x4 CMakeFiles/Pico-RGB-Matrix-P3-64x32-Demo.dir/home/pi/pico/pico-sdk/src/rp2_common/pico_standard_link/binary_info.c.obj
 .binary_info.keep.__bi_ptr81
                0x10008e58        0x4 CMakeFiles/Pico-RGB-Matrix-P3-64x32-Demo.dir/home/pi/pico/pico-sdk/src/rp2_common/pico_standard_link/binary_info.c.obj
 *(.binary_info.*)
 .binary_info.__bi_ptr28
                0x10008e5c        0x4 CMakeFiles/Pico-RGB-Matrix-P3-64x32-Demo.dir/home/pi/pico/pico-sdk/src/rp2_common/pico_stdio_uart/stdio_uart.c.obj
 .binary_info.__bi_ptr29
                0x10008e60        0x4 CMakeFiles/Pico-RGB-Matrix-P3-64x32-Demo.dir/home/pi/pico/pico-sdk/src/rp2_common/pico_stdio_uart/stdio_uart.c.obj
 .binary_info.__bi_ptr118
                0x10008e64        0x4 CMakeFiles/Pico-RGB-Matrix-P3-64x32-Demo.dir/home/pi/pico/pico-sdk/src/rp2_common/pico_stdio_usb/stdio_usb.c.obj
                0x10008e68                __binary_info_end = .
                0x10008e68                . = ALIGN (0x4)
                0x10008e68                __etext = .

.ram_vector_table
                0x20000000       0xc0
 *(.ram_vector_table)
 .ram_vector_table
                0x20000000       0xc0 CMakeFiles/Pico-RGB-Matrix-P3-64x32-Demo.dir/home/pi/pico/pico-sdk/src/rp2_common/pico_runtime/runtime.c.obj
                0x20000000                ram_vector_table

.data           0x200000c0      0x59c load address 0x10008e68
                0x200000c0                __data_start__ = .
 *(vtable)
 *(.time_critical*)
 .time_critical.mutex_enter_blocking
                0x200000c0       0x48 CMakeFiles/Pico-RGB-Matrix-P3-64x32-Demo.dir/home/pi/pico/pico-sdk/src/common/pico_sync/mutex.c.obj
                0x200000c0                mutex_enter_blocking
 .time_critical.mutex_try_enter
                0x20000108       0x48 CMakeFiles/Pico-RGB-Matrix-P3-64x32-Demo.dir/home/pi/pico/pico-sdk/src/common/pico_sync/mutex.c.obj
                0x20000108                mutex_try_enter
 .time_critical.mutex_enter_timeout_ms
                0x20000150       0x98 CMakeFiles/Pico-RGB-Matrix-P3-64x32-Demo.dir/home/pi/pico/pico-sdk/src/common/pico_sync/mutex.c.obj
                0x20000150                mutex_enter_timeout_ms
 .time_critical.mutex_exit
                0x200001e8       0x28 CMakeFiles/Pico-RGB-Matrix-P3-64x32-Demo.dir/home/pi/pico/pico-sdk/src/common/pico_sync/mutex.c.obj
                0x200001e8                mutex_exit
 .time_critical.flash_init_boot2_copyout
                0x20000210       0x34 CMakeFiles/Pico-RGB-Matrix-P3-64x32-Demo.dir/home/pi/pico/pico-sdk/src/rp2_common/hardware_flash/flash.c.obj
 .time_critical.flash_enable_xip_via_boot2
                0x20000244       0x10 CMakeFiles/Pico-RGB-Matrix-P3-64x32-Demo.dir/home/pi/pico/pico-sdk/src/rp2_common/hardware_flash/flash.c.obj
 .time_critical.flash_cs_force
                0x20000254       0x38 CMakeFiles/Pico-RGB-Matrix-P3-64x32-Demo.dir/home/pi/pico/pico-sdk/src/rp2_common/hardware_flash/flash.c.obj
 .time_critical.flash_do_cmd
                0x2000028c       0xac CMakeFiles/Pico-RGB-Matrix-P3-64x32-Demo.dir/home/pi/pico/pico-sdk/src/rp2_common/hardware_flash/flash.c.obj
                0x2000028c                flash_do_cmd
 *(.text*)
 .text          0x20000338        0x4 /usr/lib/gcc/arm-none-eabi/7.3.1/thumb/v6-m/libgcc.a(_dvmd_tls.o)
                0x20000338                __aeabi_ldiv0
                0x20000338                __aeabi_idiv0
 *fill*         0x2000033c        0x4 
 .text.__stub   0x20000340       0x30 linker stubs
                0x20000370                . = ALIGN (0x4)
 *(.rodata*)
                0x20000370                . = ALIGN (0x4)
 *(.data*)
 .data._ZL12g_tKeyDevice
                0x20000370       0x10 CMakeFiles/Pico-RGB-Matrix-P3-64x32-Demo.dir/input/reg_gpio_key.cpp.obj
 .data._ZL18g_tRGBMatrixDevice
                0x20000380       0x20 CMakeFiles/Pico-RGB-Matrix-P3-64x32-Demo.dir/device/RGBMatrix_device.cpp.obj
 .data._ZL22g_RGBMatrixFramebuffer
                0x200003a0      0x100 CMakeFiles/Pico-RGB-Matrix-P3-64x32-Demo.dir/device/RGBMatrix_device.cpp.obj
 .data.month_date
                0x200004a0       0x18 CMakeFiles/Pico-RGB-Matrix-P3-64x32-Demo.dir/display/display_subsystem.cpp.obj
                0x200004a0                month_date
 .data.months   0x200004b8       0x30 CMakeFiles/Pico-RGB-Matrix-P3-64x32-Demo.dir/display/display_subsystem.cpp.obj
                0x200004b8                months
 .data.weeks    0x200004e8       0x38 CMakeFiles/Pico-RGB-Matrix-P3-64x32-Demo.dir/display/display_subsystem.cpp.obj
                0x200004e8                weeks
 .data.LightThreshold
                0x20000520        0x2 CMakeFiles/Pico-RGB-Matrix-P3-64x32-Demo.dir/src/main.cpp.obj
                0x20000520                LightThreshold
 .data.MaxLightDim
                0x20000522        0x2 CMakeFiles/Pico-RGB-Matrix-P3-64x32-Demo.dir/src/main.cpp.obj
                0x20000522                MaxLightDim
 .data.autoLightFlag
                0x20000524        0x1 CMakeFiles/Pico-RGB-Matrix-P3-64x32-Demo.dir/src/main.cpp.obj
                0x20000524                autoLightFlag
 .data.enterTimeSettingFlag
                0x20000525        0x1 CMakeFiles/Pico-RGB-Matrix-P3-64x32-Demo.dir/src/main.cpp.obj
                0x20000525                enterTimeSettingFlag
 *fill*         0x20000526        0x2 
 .data.gt_RTC_tm
                0x20000528        0x8 CMakeFiles/Pico-RGB-Matrix-P3-64x32-Demo.dir/src/main.cpp.obj
                0x20000528                gt_RTC_tm
 .data.selectSettingOptions
                0x20000530        0x1 CMakeFiles/Pico-RGB-Matrix-P3-64x32-Demo.dir/src/main.cpp.obj
                0x20000530                selectSettingOptions
 .data.systemStartupFlag
                0x20000531        0x1 CMakeFiles/Pico-RGB-Matrix-P3-64x32-Demo.dir/src/main.cpp.obj
                0x20000531                systemStartupFlag
 .data.striped_spin_lock_num
                0x20000532        0x1 CMakeFiles/Pico-RGB-Matrix-P3-64x32-Demo.dir/home/pi/pico/pico-sdk/src/rp2_common/hardware_sync/sync.c.obj
 *fill*         0x20000533        0x1 
 .data          0x20000534       0x48 CMakeFiles/Pico-RGB-Matrix-P3-64x32-Demo.dir/home/pi/pico/pico-sdk/src/rp2_common/hardware_irq/irq_handler_chain.S.obj
                0x20000534                irq_handler_chain_slots
                0x20000564                irq_handler_chain_first_slot
                0x2000056e                irq_handler_chain_remove_tail
 .data.default_alarm_pool
                0x2000057c       0x18 CMakeFiles/Pico-RGB-Matrix-P3-64x32-Demo.dir/home/pi/pico/pico-sdk/src/common/pico_time/time.c.obj
 .data.default_alarm_pool_heap
                0x20000594       0x10 CMakeFiles/Pico-RGB-Matrix-P3-64x32-Demo.dir/home/pi/pico/pico-sdk/src/common/pico_time/time.c.obj
 *fill*         0x200005a4        0xc 
 .data.aeabi_bits_funcs
                0x200005b0       0x10 CMakeFiles/Pico-RGB-Matrix-P3-64x32-Demo.dir/home/pi/pico/pico-sdk/src/rp2_common/pico_bit_ops/bit_ops_aeabi.S.obj
                0x200005b0                aeabi_bits_funcs
                0x200005c0                aeabi_bits_funcs_end
 .data.aeabi_mem_funcs
                0x200005c0       0x10 CMakeFiles/Pico-RGB-Matrix-P3-64x32-Demo.dir/home/pi/pico/pico-sdk/src/rp2_common/pico_mem_ops/mem_ops_aeabi.S.obj
                0x200005c0                aeabi_mem_funcs
                0x200005d0                aeabi_mem_funcs_end
 .data.stdio_uart
                0x200005d0       0x14 CMakeFiles/Pico-RGB-Matrix-P3-64x32-Demo.dir/home/pi/pico/pico-sdk/src/rp2_common/pico_stdio_uart/stdio_uart.c.obj
                0x200005d0                stdio_uart
 .data.stdio_usb
                0x200005e4       0x14 CMakeFiles/Pico-RGB-Matrix-P3-64x32-Demo.dir/home/pi/pico/pico-sdk/src/rp2_common/pico_stdio_usb/stdio_usb.c.obj
                0x200005e4                stdio_usb
 .data.ep_dir_string
                0x200005f8        0x8 CMakeFiles/Pico-RGB-Matrix-P3-64x32-Demo.dir/home/pi/pico/pico-sdk/lib/tinyusb/src/portable/raspberrypi/rp2040/rp2040_usb.c.obj
                0x200005f8                ep_dir_string
 .data._usbd_qdef
                0x20000600       0x24 CMakeFiles/Pico-RGB-Matrix-P3-64x32-Demo.dir/home/pi/pico/pico-sdk/lib/tinyusb/src/device/usbd.c.obj
                0x20000600                _usbd_qdef
 .data.i2c0_inst
                0x20000624        0x8 CMakeFiles/Pico-RGB-Matrix-P3-64x32-Demo.dir/home/pi/pico/pico-sdk/src/rp2_common/hardware_i2c/i2c.c.obj
                0x20000624                i2c0_inst
 .data.i2c1_inst
                0x2000062c        0x8 CMakeFiles/Pico-RGB-Matrix-P3-64x32-Demo.dir/home/pi/pico/pico-sdk/src/rp2_common/hardware_i2c/i2c.c.obj
                0x2000062c                i2c1_inst
                0x20000634                . = ALIGN (0x4)
 *(.after_data.*)
                0x20000634                . = ALIGN (0x4)
                0x20000634                PROVIDE (__mutex_array_start = .)
 *(SORT_BY_NAME(.mutex_array.*))
 *(.mutex_array)
 .mutex_array   0x20000634        0x8 CMakeFiles/Pico-RGB-Matrix-P3-64x32-Demo.dir/home/pi/pico/pico-sdk/src/rp2_common/pico_stdio/stdio.c.obj
                0x2000063c                PROVIDE (__mutex_array_end = .)
                0x2000063c                . = ALIGN (0x4)
                0x2000063c                PROVIDE (__preinit_array_start = .)
 *(SORT_BY_NAME(.preinit_array.*))
 .preinit_array.00001
                0x2000063c        0x4 CMakeFiles/Pico-RGB-Matrix-P3-64x32-Demo.dir/home/pi/pico/pico-sdk/src/rp2_common/pico_mem_ops/mem_ops_aeabi.S.obj
 .preinit_array.00010
                0x20000640        0x4 CMakeFiles/Pico-RGB-Matrix-P3-64x32-Demo.dir/home/pi/pico/pico-sdk/src/rp2_common/pico_bit_ops/bit_ops_aeabi.S.obj
 .preinit_array.00020
                0x20000644        0x4 CMakeFiles/Pico-RGB-Matrix-P3-64x32-Demo.dir/home/pi/pico/pico-sdk/src/rp2_common/pico_double/double_aeabi.S.obj
 .preinit_array.00020
                0x20000648        0x4 CMakeFiles/Pico-RGB-Matrix-P3-64x32-Demo.dir/home/pi/pico/pico-sdk/src/rp2_common/pico_float/float_aeabi.S.obj
 *(.preinit_array)
                0x2000064c                PROVIDE (__preinit_array_end = .)
                0x2000064c                . = ALIGN (0x4)
                0x2000064c                PROVIDE (__init_array_start = .)
 *(SORT_BY_NAME(.init_array.*))
 *(.init_array)
 .init_array    0x2000064c        0x4 /usr/lib/gcc/arm-none-eabi/7.3.1/thumb/v6-m/crtbegin.o
 .init_array    0x20000650        0x4 CMakeFiles/Pico-RGB-Matrix-P3-64x32-Demo.dir/input/reg_gpio_key.cpp.obj
 .init_array    0x20000654        0x4 CMakeFiles/Pico-RGB-Matrix-P3-64x32-Demo.dir/src/main.cpp.obj
 .init_array    0x20000658        0x4 CMakeFiles/Pico-RGB-Matrix-P3-64x32-Demo.dir/home/pi/pico/pico-sdk/src/rp2_common/pico_unique_id/unique_id.c.obj
                0x2000065c                PROVIDE (__init_array_end = .)
                0x2000065c                . = ALIGN (0x4)
                0x2000065c                PROVIDE (__fini_array_start = .)
 *(SORT_BY_NAME(.fini_array.*))
 *(.fini_array)
                0x2000065c                PROVIDE (__fini_array_end = .)
 *(.jcr)
                0x2000065c                . = ALIGN (0x4)
                0x2000065c                __data_end__ = .

.tm_clone_table
                0x2000065c        0x0 load address 0x10009404
 .tm_clone_table
                0x2000065c        0x0 /usr/lib/gcc/arm-none-eabi/7.3.1/thumb/v6-m/crtbegin.o
 .tm_clone_table
                0x2000065c        0x0 /usr/lib/gcc/arm-none-eabi/7.3.1/thumb/v6-m/crtend.o

.igot.plt       0x2000065c        0x0 load address 0x10009404
 .igot.plt      0x2000065c        0x0 /usr/lib/gcc/arm-none-eabi/7.3.1/thumb/v6-m/crtbegin.o

.uninitialized_data
                0x2000065c        0x0 load address 0x10009404
                0x2000065c                . = ALIGN (0x4)
 *(.uninitialized_data*)

.scratch_x      0x20040000        0x0 load address 0x10009404
                0x20040000                __scratch_x_start__ = .
 *(.scratch_x.*)
                0x20040000                . = ALIGN (0x4)
                0x20040000                __scratch_x_end__ = .
                0x10009404                __scratch_x_source__ = LOADADDR (.scratch_x)

.scratch_y      0x20041000        0x0 load address 0x10009404
                0x20041000                __scratch_y_start__ = .
 *(.scratch_y.*)
                0x20041000                . = ALIGN (0x4)
                0x20041000                __scratch_y_end__ = .
                0x10009404                __scratch_y_source__ = LOADADDR (.scratch_y)

.bss            0x20000660     0x1320
                0x20000660                . = ALIGN (0x4)
                0x20000660                __bss_start__ = .
 *(SORT_BY_ALIGNMENT(SORT_BY_NAME(.bss*)))
 .bss.default_alarm_pool_entries
                0x20000660      0x100 CMakeFiles/Pico-RGB-Matrix-P3-64x32-Demo.dir/home/pi/pico/pico-sdk/src/common/pico_time/time.c.obj
 .bss.last_avail_time.7133
                0x20000760        0x8 CMakeFiles/Pico-RGB-Matrix-P3-64x32-Demo.dir/home/pi/pico/pico-sdk/src/rp2_common/pico_stdio_usb/stdio_usb.c.obj
 .bss.timer_autolight_handle
                0x20000768       0x18 CMakeFiles/Pico-RGB-Matrix-P3-64x32-Demo.dir/src/main.cpp.obj
                0x20000768                timer_autolight_handle
 .bss.timer_get_time_handle
                0x20000780       0x18 CMakeFiles/Pico-RGB-Matrix-P3-64x32-Demo.dir/src/main.cpp.obj
                0x20000780                timer_get_time_handle
 .bss.timer_screen_refresh_handle
                0x20000798       0x18 CMakeFiles/Pico-RGB-Matrix-P3-64x32-Demo.dir/src/main.cpp.obj
                0x20000798                timer_screen_refresh_handle
 .bss           0x200007b0       0x1c /usr/lib/gcc/arm-none-eabi/7.3.1/thumb/v6-m/crtbegin.o
 .bss._ZL14g_tInputBuffer
                0x200007cc       0xf8 CMakeFiles/Pico-RGB-Matrix-P3-64x32-Demo.dir/input/input_event_buffer.cpp.obj
 .bss._ZL16g_ptInputDevices
                0x200008c4        0x4 CMakeFiles/Pico-RGB-Matrix-P3-64x32-Demo.dir/input/input_system.cpp.obj
 .bss._app_driver
                0x200008c8        0x4 CMakeFiles/Pico-RGB-Matrix-P3-64x32-Demo.dir/home/pi/pico/pico-sdk/lib/tinyusb/src/device/usbd.c.obj
 .bss._cdcd_itf
                0x200008cc      0x2d8 CMakeFiles/Pico-RGB-Matrix-P3-64x32-Demo.dir/home/pi/pico/pico-sdk/lib/tinyusb/src/class/cdc/cdc_device.c.obj
 .bss._ctrl_xfer
                0x20000ba4       0x14 CMakeFiles/Pico-RGB-Matrix-P3-64x32-Demo.dir/home/pi/pico/pico-sdk/lib/tinyusb/src/device/usbd_control.c.obj
 .bss._ubsd_mutexdef
                0x20000bb8        0x8 CMakeFiles/Pico-RGB-Matrix-P3-64x32-Demo.dir/home/pi/pico/pico-sdk/lib/tinyusb/src/device/usbd.c.obj
 .bss._usbd_ctrl_buf
                0x20000bc0       0x40 CMakeFiles/Pico-RGB-Matrix-P3-64x32-Demo.dir/home/pi/pico/pico-sdk/lib/tinyusb/src/device/usbd_control.c.obj
 .bss._usbd_dev
                0x20000c00       0x53 CMakeFiles/Pico-RGB-Matrix-P3-64x32-Demo.dir/home/pi/pico/pico-sdk/lib/tinyusb/src/device/usbd.c.obj
 *fill*         0x20000c53        0x1 
 .bss._usbd_mutex
                0x20000c54        0x4 CMakeFiles/Pico-RGB-Matrix-P3-64x32-Demo.dir/home/pi/pico/pico-sdk/lib/tinyusb/src/device/usbd.c.obj
 .bss._usbd_q   0x20000c58        0x4 CMakeFiles/Pico-RGB-Matrix-P3-64x32-Demo.dir/home/pi/pico/pico-sdk/lib/tinyusb/src/device/usbd.c.obj
 .bss.alarm_callbacks
                0x20000c5c       0x10 CMakeFiles/Pico-RGB-Matrix-P3-64x32-Demo.dir/home/pi/pico/pico-sdk/src/rp2_common/hardware_timer/timer.c.obj
 .bss.boot2_copyout
                0x20000c6c      0x100 CMakeFiles/Pico-RGB-Matrix-P3-64x32-Demo.dir/home/pi/pico/pico-sdk/src/rp2_common/hardware_flash/flash.c.obj
 .bss.claimed   0x20000d6c        0x4 CMakeFiles/Pico-RGB-Matrix-P3-64x32-Demo.dir/home/pi/pico/pico-sdk/src/rp2_common/hardware_sync/sync.c.obj
 .bss.configured_freq
                0x20000d70       0x28 CMakeFiles/Pico-RGB-Matrix-P3-64x32-Demo.dir/home/pi/pico/pico-sdk/src/rp2_common/hardware_clocks/clocks.c.obj
 .bss.default_alarm_pool_entry_ids_high
                0x20000d98       0x10 CMakeFiles/Pico-RGB-Matrix-P3-64x32-Demo.dir/home/pi/pico/pico-sdk/src/common/pico_time/time.c.obj
 .bss.default_alarm_pool_heap_nodes
                0x20000da8       0x30 CMakeFiles/Pico-RGB-Matrix-P3-64x32-Demo.dir/home/pi/pico/pico-sdk/src/common/pico_time/time.c.obj
 .bss.desc_str.7018
                0x20000dd8       0x28 CMakeFiles/Pico-RGB-Matrix-P3-64x32-Demo.dir/home/pi/pico/pico-sdk/src/rp2_common/pico_stdio_usb/stdio_usb_descriptors.c.obj
 .bss.displayDevice
                0x20000e00        0x4 CMakeFiles/Pico-RGB-Matrix-P3-64x32-Demo.dir/src/main.cpp.obj
                0x20000e00                displayDevice
 .bss.display_rgb
                0x20000e04      0x400 CMakeFiles/Pico-RGB-Matrix-P3-64x32-Demo.dir/ModuleDrivers/driver_RGBMatrix.cpp.obj
                0x20000e04                display_rgb
 .bss.downKey   0x20001204        0x4 CMakeFiles/Pico-RGB-Matrix-P3-64x32-Demo.dir/ModuleDrivers/driver_key.cpp.obj
                0x20001204                downKey
 .bss.drivers   0x20001208        0x4 CMakeFiles/Pico-RGB-Matrix-P3-64x32-Demo.dir/home/pi/pico/pico-sdk/src/rp2_common/pico_stdio/stdio.c.obj
 .bss.empty     0x2000120c        0x4 CMakeFiles/Pico-RGB-Matrix-P3-64x32-Demo.dir/input/reg_gpio_key.cpp.obj
                0x2000120c                empty
 .bss.event     0x20001210       0x18 CMakeFiles/Pico-RGB-Matrix-P3-64x32-Demo.dir/src/main.cpp.obj
                0x20001210                event
 .bss.filter    0x20001228        0x4 CMakeFiles/Pico-RGB-Matrix-P3-64x32-Demo.dir/home/pi/pico/pico-sdk/src/rp2_common/pico_stdio/stdio.c.obj
 .bss.hw_endpoints
                0x2000122c      0x400 CMakeFiles/Pico-RGB-Matrix-P3-64x32-Demo.dir/home/pi/pico/pico-sdk/lib/tinyusb/src/portable/raspberrypi/rp2040/dcd_rp2040.c.obj
 .bss.lazy_vsnprintf
                0x2000162c        0x4 CMakeFiles/Pico-RGB-Matrix-P3-64x32-Demo.dir/home/pi/pico/pico-sdk/src/rp2_common/pico_printf/printf.c.obj
 .bss.load_value
                0x20001630        0x4 CMakeFiles/Pico-RGB-Matrix-P3-64x32-Demo.dir/home/pi/pico/pico-sdk/src/rp2_common/hardware_watchdog/watchdog.c.obj
 .bss.memuKey   0x20001634        0x4 CMakeFiles/Pico-RGB-Matrix-P3-64x32-Demo.dir/ModuleDrivers/driver_key.cpp.obj
                0x20001634                memuKey
 .bss.next_buffer_ptr
                0x20001638        0x4 CMakeFiles/Pico-RGB-Matrix-P3-64x32-Demo.dir/home/pi/pico/pico-sdk/lib/tinyusb/src/portable/raspberrypi/rp2040/dcd_rp2040.c.obj
 .bss.pools     0x2000163c       0x10 CMakeFiles/Pico-RGB-Matrix-P3-64x32-Demo.dir/home/pi/pico/pico-sdk/src/common/pico_time/time.c.obj
 .bss.retrieved_id
                0x2000164c        0x8 CMakeFiles/Pico-RGB-Matrix-P3-64x32-Demo.dir/home/pi/pico/pico-sdk/src/rp2_common/pico_unique_id/unique_id.c.obj
 .bss.sf_clz_func
                0x20001654        0x4 CMakeFiles/Pico-RGB-Matrix-P3-64x32-Demo.dir/home/pi/pico/pico-sdk/src/rp2_common/pico_double/double_init_rom.c.obj
                0x20001654                sf_clz_func
 .bss.sleep_notifier
                0x20001658        0x4 CMakeFiles/Pico-RGB-Matrix-P3-64x32-Demo.dir/home/pi/pico/pico-sdk/src/common/pico_time/time.c.obj
 .bss.stdio_usb_mutex
                0x2000165c        0x8 CMakeFiles/Pico-RGB-Matrix-P3-64x32-Demo.dir/home/pi/pico/pico-sdk/src/rp2_common/pico_stdio_usb/stdio_usb.c.obj
 .bss.target_hi
                0x20001664       0x10 CMakeFiles/Pico-RGB-Matrix-P3-64x32-Demo.dir/home/pi/pico/pico-sdk/src/rp2_common/hardware_timer/timer.c.obj
 .bss.uart_instance
                0x20001674        0x4 CMakeFiles/Pico-RGB-Matrix-P3-64x32-Demo.dir/home/pi/pico/pico-sdk/src/rp2_common/pico_stdio_uart/stdio_uart.c.obj
 .bss.upKey     0x20001678        0x4 CMakeFiles/Pico-RGB-Matrix-P3-64x32-Demo.dir/ModuleDrivers/driver_key.cpp.obj
                0x20001678                upKey
 .bss.usbd_serial_str
                0x2000167c       0x11 CMakeFiles/Pico-RGB-Matrix-P3-64x32-Demo.dir/home/pi/pico/pico-sdk/src/rp2_common/pico_stdio_usb/stdio_usb_descriptors.c.obj
 *fill*         0x2000168d        0x3 
 .bss.user_irq_claimed
                0x20001690        0x2 CMakeFiles/Pico-RGB-Matrix-P3-64x32-Demo.dir/home/pi/pico/pico-sdk/src/rp2_common/hardware_irq/irq.c.obj
 .bss.BeepCount
                0x20001692        0x2 CMakeFiles/Pico-RGB-Matrix-P3-64x32-Demo.dir/src/main.cpp.obj
                0x20001692                BeepCount
 .bss.LightDim  0x20001694        0x2 CMakeFiles/Pico-RGB-Matrix-P3-64x32-Demo.dir/src/main.cpp.obj
                0x20001694                LightDim
 .bss.LightStep
                0x20001696        0x2 CMakeFiles/Pico-RGB-Matrix-P3-64x32-Demo.dir/src/main.cpp.obj
                0x20001696                LightStep
 .bss._ZL16LunarCalendarDay
                0x20001698        0x2 CMakeFiles/Pico-RGB-Matrix-P3-64x32-Demo.dir/display/display_subsystem.cpp.obj
 .bss.adc_value
                0x2000169a        0x2 CMakeFiles/Pico-RGB-Matrix-P3-64x32-Demo.dir/src/main.cpp.obj
                0x2000169a                adc_value
 .bss.autoLightCount
                0x2000169c        0x2 CMakeFiles/Pico-RGB-Matrix-P3-64x32-Demo.dir/src/main.cpp.obj
                0x2000169c                autoLightCount
 .bss.set_year_temp
                0x2000169e        0x2 CMakeFiles/Pico-RGB-Matrix-P3-64x32-Demo.dir/src/main.cpp.obj
                0x2000169e                set_year_temp
 .bss.AlarmFlag
                0x200016a0        0x1 CMakeFiles/Pico-RGB-Matrix-P3-64x32-Demo.dir/src/main.cpp.obj
                0x200016a0                AlarmFlag
 .bss.BeepFlag  0x200016a1        0x1 CMakeFiles/Pico-RGB-Matrix-P3-64x32-Demo.dir/src/main.cpp.obj
                0x200016a1                BeepFlag
 .bss.LanguageFlag
                0x200016a2        0x1 CMakeFiles/Pico-RGB-Matrix-P3-64x32-Demo.dir/src/main.cpp.obj
                0x200016a2                LanguageFlag
 .bss.UpdateVideoMemory
                0x200016a3        0x1 CMakeFiles/Pico-RGB-Matrix-P3-64x32-Demo.dir/ModuleDrivers/driver_RGBMatrix.cpp.obj
                0x200016a3                UpdateVideoMemory
 .bss._ZL10Lunar_mday
                0x200016a4        0x1 CMakeFiles/Pico-RGB-Matrix-P3-64x32-Demo.dir/display/display_subsystem.cpp.obj
 .bss._ZL16Lunar_mon_decile
                0x200016a5        0x1 CMakeFiles/Pico-RGB-Matrix-P3-64x32-Demo.dir/display/display_subsystem.cpp.obj
 .bss._ZL17Lunar_mday_decile
                0x200016a6        0x1 CMakeFiles/Pico-RGB-Matrix-P3-64x32-Demo.dir/display/display_subsystem.cpp.obj
 .bss._ZL6CS_cnt
                0x200016a7        0x1 CMakeFiles/Pico-RGB-Matrix-P3-64x32-Demo.dir/ModuleDrivers/driver_RGBMatrix.cpp.obj
 .bss._ZL9Lunar_mon
                0x200016a8        0x1 CMakeFiles/Pico-RGB-Matrix-P3-64x32-Demo.dir/display/display_subsystem.cpp.obj
 .bss._app_driver_count
                0x200016a9        0x1 CMakeFiles/Pico-RGB-Matrix-P3-64x32-Demo.dir/home/pi/pico/pico-sdk/lib/tinyusb/src/device/usbd.c.obj
 .bss._usbd_initialized
                0x200016aa        0x1 CMakeFiles/Pico-RGB-Matrix-P3-64x32-Demo.dir/home/pi/pico/pico-sdk/lib/tinyusb/src/device/usbd.c.obj
 .bss.boot2_copyout_valid
                0x200016ab        0x1 CMakeFiles/Pico-RGB-Matrix-P3-64x32-Demo.dir/home/pi/pico/pico-sdk/src/rp2_common/hardware_flash/flash.c.obj
 .bss.claimed   0x200016ac        0x1 CMakeFiles/Pico-RGB-Matrix-P3-64x32-Demo.dir/home/pi/pico/pico-sdk/src/rp2_common/hardware_timer/timer.c.obj
 .bss.irq_hander_chain_free_slot_head
                0x200016ad        0x1 CMakeFiles/Pico-RGB-Matrix-P3-64x32-Demo.dir/home/pi/pico/pico-sdk/src/rp2_common/hardware_irq/irq.c.obj
 .bss.itf_num   0x200016ae        0x1 CMakeFiles/Pico-RGB-Matrix-P3-64x32-Demo.dir/home/pi/pico/pico-sdk/src/rp2_common/pico_stdio_usb/reset_interface.c.obj
 .bss.low_priority_irq_num
                0x200016af        0x1 CMakeFiles/Pico-RGB-Matrix-P3-64x32-Demo.dir/home/pi/pico/pico-sdk/src/rp2_common/pico_stdio_usb/stdio_usb.c.obj
 .bss.pageIdNumber
                0x200016b0        0x1 CMakeFiles/Pico-RGB-Matrix-P3-64x32-Demo.dir/src/main.cpp.obj
                0x200016b0                pageIdNumber
 .bss.selectedTimeOption
                0x200016b1        0x1 CMakeFiles/Pico-RGB-Matrix-P3-64x32-Demo.dir/src/main.cpp.obj
                0x200016b1                selectedTimeOption
 .bss.set_hour_temp
                0x200016b2        0x1 CMakeFiles/Pico-RGB-Matrix-P3-64x32-Demo.dir/src/main.cpp.obj
                0x200016b2                set_hour_temp
 .bss.set_mday_temp
                0x200016b3        0x1 CMakeFiles/Pico-RGB-Matrix-P3-64x32-Demo.dir/src/main.cpp.obj
                0x200016b3                set_mday_temp
 .bss.set_min_temp
                0x200016b4        0x1 CMakeFiles/Pico-RGB-Matrix-P3-64x32-Demo.dir/src/main.cpp.obj
                0x200016b4                set_min_temp
 .bss.set_mon_temp
                0x200016b5        0x1 CMakeFiles/Pico-RGB-Matrix-P3-64x32-Demo.dir/src/main.cpp.obj
                0x200016b5                set_mon_temp
 .bss.set_sec_temp
                0x200016b6        0x1 CMakeFiles/Pico-RGB-Matrix-P3-64x32-Demo.dir/src/main.cpp.obj
                0x200016b6                set_sec_temp
 .bss.temp      0x200016b7        0x1 CMakeFiles/Pico-RGB-Matrix-P3-64x32-Demo.dir/src/main.cpp.obj
                0x200016b7                temp
 .bss.timer_callbacks_pending
                0x200016b8        0x1 CMakeFiles/Pico-RGB-Matrix-P3-64x32-Demo.dir/home/pi/pico/pico-sdk/src/rp2_common/hardware_timer/timer.c.obj
 *(COMMON)
 *fill*         0x200016b9        0x3 
 COMMON         0x200016bc        0x4 CMakeFiles/Pico-RGB-Matrix-P3-64x32-Demo.dir/home/pi/pico/pico-sdk/src/rp2_common/hardware_uart/uart.c.obj
                0x200016bc                uart_char_to_line_feed
 COMMON         0x200016c0      0x100 CMakeFiles/Pico-RGB-Matrix-P3-64x32-Demo.dir/home/pi/pico/pico-sdk/src/rp2_common/pico_double/double_init_rom.c.obj
                0x200016c0                sd_table
 COMMON         0x200017c0      0x100 CMakeFiles/Pico-RGB-Matrix-P3-64x32-Demo.dir/home/pi/pico/pico-sdk/src/rp2_common/pico_float/float_init_rom.c.obj
                0x200017c0                sf_table
 COMMON         0x200018c0       0xc0 CMakeFiles/Pico-RGB-Matrix-P3-64x32-Demo.dir/home/pi/pico/pico-sdk/lib/tinyusb/src/device/usbd.c.obj
                0x200018c0                _usbd_qdef_buf
                0x20001980                . = ALIGN (0x4)
                0x20001980                __bss_end__ = .

.heap           0x20001980      0x800
                0x20001980                __end__ = .
                0x20001980                end = __end__
 *(.heap*)
 .heap          0x20001980      0x800 CMakeFiles/Pico-RGB-Matrix-P3-64x32-Demo.dir/home/pi/pico/pico-sdk/src/rp2_common/pico_standard_link/crt0.S.obj
                0x20002180                __HeapLimit = .

.stack1_dummy   0x20040000        0x0
 *(.stack1*)

.stack_dummy    0x20041000      0x800
 *(.stack*)
 .stack         0x20041000      0x800 CMakeFiles/Pico-RGB-Matrix-P3-64x32-Demo.dir/home/pi/pico/pico-sdk/src/rp2_common/pico_standard_link/crt0.S.obj

.flash_end      0x10009404        0x0
                0x10009404                __flash_binary_end = .
                0x20040000                __StackLimit = (ORIGIN (RAM) + LENGTH (RAM))
                0x20041000                __StackOneTop = (ORIGIN (SCRATCH_X) + LENGTH (SCRATCH_X))
                0x20042000                __StackTop = (ORIGIN (SCRATCH_Y) + LENGTH (SCRATCH_Y))
                0x20041000                __StackOneBottom = (__StackOneTop - SIZEOF (.stack1_dummy))
                0x20041800                __StackBottom = (__StackTop - SIZEOF (.stack_dummy))
                0x20042000                PROVIDE (__stack = __StackTop)
                0x00000001                ASSERT ((__StackLimit >= __HeapLimit), region RAM overflowed)
                0x00000001                ASSERT (((__binary_info_header_end - __logical_binary_start) <= 0x100), Binary info must be in first 256 bytes of the binary)
LOAD CMakeFiles/Pico-RGB-Matrix-P3-64x32-Demo.dir/input/input_event_buffer.cpp.obj
LOAD CMakeFiles/Pico-RGB-Matrix-P3-64x32-Demo.dir/input/input_system.cpp.obj
LOAD CMakeFiles/Pico-RGB-Matrix-P3-64x32-Demo.dir/input/reg_gpio_key.cpp.obj
LOAD CMakeFiles/Pico-RGB-Matrix-P3-64x32-Demo.dir/Hal/hal_gpio_key.cpp.obj
LOAD CMakeFiles/Pico-RGB-Matrix-P3-64x32-Demo.dir/Hal/hal_RGBMatrix_device.cpp.obj
LOAD CMakeFiles/Pico-RGB-Matrix-P3-64x32-Demo.dir/ModuleDrivers/driver_key.cpp.obj
LOAD CMakeFiles/Pico-RGB-Matrix-P3-64x32-Demo.dir/ModuleDrivers/driver_buzzer.cpp.obj
LOAD CMakeFiles/Pico-RGB-Matrix-P3-64x32-Demo.dir/ModuleDrivers/driver_ds3231.cpp.obj
LOAD CMakeFiles/Pico-RGB-Matrix-P3-64x32-Demo.dir/ModuleDrivers/driver_adc.cpp.obj
LOAD CMakeFiles/Pico-RGB-Matrix-P3-64x32-Demo.dir/ModuleDrivers/driver_RGBMatrix.cpp.obj
LOAD CMakeFiles/Pico-RGB-Matrix-P3-64x32-Demo.dir/device/RGBMatrix_device.cpp.obj
LOAD CMakeFiles/Pico-RGB-Matrix-P3-64x32-Demo.dir/display/display_subsystem.cpp.obj
LOAD CMakeFiles/Pico-RGB-Matrix-P3-64x32-Demo.dir/font/font.cpp.obj
LOAD CMakeFiles/Pico-RGB-Matrix-P3-64x32-Demo.dir/src/main.cpp.obj
LOAD CMakeFiles/Pico-RGB-Matrix-P3-64x32-Demo.dir/s_task/src/s_task.c.obj
LOAD CMakeFiles/Pico-RGB-Matrix-P3-64x32-Demo.dir/s_task/src/s_mutex.c.obj
LOAD CMakeFiles/Pico-RGB-Matrix-P3-64x32-Demo.dir/s_task/src/s_event.c.obj
LOAD CMakeFiles/Pico-RGB-Matrix-P3-64x32-Demo.dir/s_task/src/s_event_embed.c.obj
LOAD CMakeFiles/Pico-RGB-Matrix-P3-64x32-Demo.dir/s_task/src/s_chan.c.obj
LOAD CMakeFiles/Pico-RGB-Matrix-P3-64x32-Demo.dir/s_task/src/s_chan_embed.c.obj
LOAD CMakeFiles/Pico-RGB-Matrix-P3-64x32-Demo.dir/s_task/src/s_timer_fast.c.obj
LOAD CMakeFiles/Pico-RGB-Matrix-P3-64x32-Demo.dir/s_task/src/s_timer_small.c.obj
LOAD CMakeFiles/Pico-RGB-Matrix-P3-64x32-Demo.dir/s_task/src/s_list.c.obj
LOAD CMakeFiles/Pico-RGB-Matrix-P3-64x32-Demo.dir/s_task/src/s_rbtree.c.obj